../Core/optiga/cmd/optiga_cmd.c:732:16:optiga_cmd_prepare_apdu_header	16	static
../Core/optiga/cmd/optiga_cmd.c:743:16:optiga_cmd_prepare_tag_header	32	static
../Core/optiga/cmd/optiga_cmd.c:758:16:optiga_cmd_event_trigger_execute	16	static
../Core/optiga/cmd/optiga_cmd.c:763:16:optiga_cmd_execute	24	static
../Core/optiga/cmd/optiga_cmd.c:786:18:optiga_cmd_session_available	24	static
../Core/optiga/cmd/optiga_cmd.c:798:16:optiga_cmd_session_assign	24	static
../Core/optiga/cmd/optiga_cmd.c:819:16:optiga_cmd_session_free	24	static
../Core/optiga/cmd/optiga_cmd.c:834:20:optiga_cmd_queue_get_state_of	24	static
../Core/optiga/cmd/optiga_cmd.c:858:20:optiga_cmd_queue_get_count_of	24	static
../Core/optiga/cmd/optiga_cmd.c:893:16:optiga_cmd_queue_assign_slot	24	static
../Core/optiga/cmd/optiga_cmd.c:910:16:optiga_cmd_queue_deassign_slot	16	static
../Core/optiga/cmd/optiga_cmd.c:926:16:optiga_cmd_queue_scheduler	40	static
../Core/optiga/cmd/optiga_cmd.c:1037:16:optiga_cmd_queue_update_slot	24	static
../Core/optiga/cmd/optiga_cmd.c:1066:16:optiga_cmd_queue_reset_slot	16	static
../Core/optiga/cmd/optiga_cmd.c:1084:16:optiga_cmd_release_strict_lock	16	static
../Core/optiga/cmd/optiga_cmd.c:1090:21:optiga_cmd_request_session	16	static
../Core/optiga/cmd/optiga_cmd.c:1096:21:optiga_cmd_release_session	16	static
../Core/optiga/cmd/optiga_cmd.c:1102:21:optiga_cmd_request_lock	16	static
../Core/optiga/cmd/optiga_cmd.c:1108:21:optiga_cmd_release_lock	16	static
../Core/optiga/cmd/optiga_cmd.c:1114:31:optiga_cmd_restore_context	24	static
../Core/optiga/cmd/optiga_cmd.c:1146:31:optiga_cmd_store_context	24	static
../Core/optiga/cmd/optiga_cmd.c:1195:16:optiga_cmd_execute_comms_open	16	static
../Core/optiga/cmd/optiga_cmd.c:1253:16:optiga_cmd_execute_comms_close	16	static
../Core/optiga/cmd/optiga_cmd.c:1332:16:optiga_cmd_execute_prepare_command	40	static
../Core/optiga/cmd/optiga_cmd.c:1421:16:optiga_cmd_execute_get_device_error	16	static
../Core/optiga/cmd/optiga_cmd.c:1438:16:optiga_cmd_execute_process_optiga_response	24	static
../Core/optiga/cmd/optiga_cmd.c:1520:16:optiga_cmd_execute_process_response	16	static
../Core/optiga/cmd/optiga_cmd.c:1574:16:optiga_cmd_execute_error_handler	16	static
../Core/optiga/cmd/optiga_cmd.c:1585:16:optiga_cmd_execute_handler	24	static
../Core/optiga/cmd/optiga_cmd.c:1636:16:optiga_cmd_create	40	static
../Core/optiga/cmd/optiga_cmd.c:1690:21:optiga_cmd_destroy	24	static
../Core/optiga/cmd/optiga_cmd.c:1733:31:optiga_cmd_get_error_code_handler	40	static
../Core/optiga/cmd/optiga_cmd.c:1821:31:optiga_cmd_open_application_handler	24	static
../Core/optiga/cmd/optiga_cmd.c:1921:21:optiga_cmd_open_application	40	static
../Core/optiga/cmd/optiga_cmd.c:1939:31:optiga_cmd_close_application_handler	24	static
../Core/optiga/cmd/optiga_cmd.c:2004:21:optiga_cmd_close_application	40	static
../Core/optiga/cmd/optiga_cmd.c:2022:31:optiga_cmd_get_data_object_handler	40	static
../Core/optiga/cmd/optiga_cmd.c:2153:21:optiga_cmd_get_data_object	40	static
../Core/optiga/cmd/optiga_cmd.c:2172:31:optiga_cmd_set_data_object_handler	32	static
../Core/optiga/cmd/optiga_cmd.c:2263:21:optiga_cmd_set_data_object	40	static
../Core/optiga/cmd/optiga_cmd.c:2283:31:optiga_cmd_get_random_handler	32	static
../Core/optiga/cmd/optiga_cmd.c:2373:21:optiga_cmd_get_random	48	static
../Core/optiga/cmd/optiga_cmd.c:2399:31:optiga_cmd_calc_sign_handler	32	static
../Core/optiga/cmd/optiga_cmd.c:2502:21:optiga_cmd_calc_sign	48	static
../Core/optiga/cmd/optiga_cmd.c:2539:31:optiga_cmd_verify_sign_handler	32	static
../Core/optiga/cmd/optiga_cmd.c:2653:21:optiga_cmd_verify_sign	40	static
../Core/optiga/cmd/optiga_cmd.c:2675:31:optiga_cmd_calc_ssec_handler	32	static
../Core/optiga/cmd/optiga_cmd.c:2798:21:optiga_cmd_calc_ssec	48	static
../Core/optiga/cmd/optiga_cmd.c:2839:31:optiga_cmd_derive_key_handler	32	static
../Core/optiga/cmd/optiga_cmd.c:3004:21:optiga_cmd_derive_key	48	static
../Core/optiga/cmd/optiga_cmd.c:3047:20:optiga_cmd_check_private_key_length	24	static
../Core/optiga/cmd/optiga_cmd.c:3109:31:optiga_cmd_gen_keypair_handler	40	static
../Core/optiga/cmd/optiga_cmd.c:3252:21:optiga_cmd_gen_keypair	48	static
../Core/optiga/cmd/optiga_cmd.c:3290:31:optiga_cmd_encrypt_asym_handler	32	static
../Core/optiga/cmd/optiga_cmd.c:3443:21:optiga_cmd_encrypt_asym	48	static
../Core/optiga/cmd/optiga_cmd.c:3472:31:optiga_cmd_decrypt_asym_handler	32	static
../Core/optiga/cmd/optiga_cmd.c:3592:21:optiga_cmd_decrypt_asym	48	static
../Core/optiga/cmd/optiga_cmd.c:3622:16:optiga_cmd_calc_hash_set_current_hash_sequence	24	static
../Core/optiga/cmd/optiga_cmd.c:3655:20:optiga_cmd_check_hash_alg_length	24	static
../Core/optiga/cmd/optiga_cmd.c:3677:31:optiga_cmd_calc_hash_handler	32	static
../Core/optiga/cmd/optiga_cmd.c:3849:21:optiga_cmd_calc_hash	48	static
../Core/optiga/cmd/optiga_cmd.c:4329:31:optiga_cmd_set_object_protected_handler	32	static
../Core/optiga/cmd/optiga_cmd.c:4407:21:optiga_cmd_set_object_protected	48	static
