Archive member included to satisfy reference by file (symbol)

C:/ST/STM32CubeIDE_1.16.1/STM32CubeIDE/plugins/com.st.stm32cube.ide.mcu.externaltools.gnu-tools-for-stm32.12.3.rel1.win32_1.0.200.202406191623/tools/bin/../lib/gcc/arm-none-eabi/12.3.1/../../../../arm-none-eabi/lib/thumb/v7e-m+fp/hard\libc_nano.a(libc_a-exit.o)
                              C:/ST/STM32CubeIDE_1.16.1/STM32CubeIDE/plugins/com.st.stm32cube.ide.mcu.externaltools.gnu-tools-for-stm32.12.3.rel1.win32_1.0.200.202406191623/tools/bin/../lib/gcc/arm-none-eabi/12.3.1/../../../../arm-none-eabi/lib/thumb/v7e-m+fp/hard/crt0.o (exit)
C:/ST/STM32CubeIDE_1.16.1/STM32CubeIDE/plugins/com.st.stm32cube.ide.mcu.externaltools.gnu-tools-for-stm32.12.3.rel1.win32_1.0.200.202406191623/tools/bin/../lib/gcc/arm-none-eabi/12.3.1/../../../../arm-none-eabi/lib/thumb/v7e-m+fp/hard\libc_nano.a(libc_a-malloc.o)
                              ./Core/optiga/pal/pal_os_memory.o (malloc)
C:/ST/STM32CubeIDE_1.16.1/STM32CubeIDE/plugins/com.st.stm32cube.ide.mcu.externaltools.gnu-tools-for-stm32.12.3.rel1.win32_1.0.200.202406191623/tools/bin/../lib/gcc/arm-none-eabi/12.3.1/../../../../arm-none-eabi/lib/thumb/v7e-m+fp/hard\libc_nano.a(libc_a-mallocr.o)
                              C:/ST/STM32CubeIDE_1.16.1/STM32CubeIDE/plugins/com.st.stm32cube.ide.mcu.externaltools.gnu-tools-for-stm32.12.3.rel1.win32_1.0.200.202406191623/tools/bin/../lib/gcc/arm-none-eabi/12.3.1/../../../../arm-none-eabi/lib/thumb/v7e-m+fp/hard\libc_nano.a(libc_a-malloc.o) (_malloc_r)
C:/ST/STM32CubeIDE_1.16.1/STM32CubeIDE/plugins/com.st.stm32cube.ide.mcu.externaltools.gnu-tools-for-stm32.12.3.rel1.win32_1.0.200.202406191623/tools/bin/../lib/gcc/arm-none-eabi/12.3.1/../../../../arm-none-eabi/lib/thumb/v7e-m+fp/hard\libc_nano.a(libc_a-mlock.o)
                              C:/ST/STM32CubeIDE_1.16.1/STM32CubeIDE/plugins/com.st.stm32cube.ide.mcu.externaltools.gnu-tools-for-stm32.12.3.rel1.win32_1.0.200.202406191623/tools/bin/../lib/gcc/arm-none-eabi/12.3.1/../../../../arm-none-eabi/lib/thumb/v7e-m+fp/hard\libc_nano.a(libc_a-mallocr.o) (__malloc_lock)
C:/ST/STM32CubeIDE_1.16.1/STM32CubeIDE/plugins/com.st.stm32cube.ide.mcu.externaltools.gnu-tools-for-stm32.12.3.rel1.win32_1.0.200.202406191623/tools/bin/../lib/gcc/arm-none-eabi/12.3.1/../../../../arm-none-eabi/lib/thumb/v7e-m+fp/hard\libc_nano.a(libc_a-findfp.o)
                              C:/ST/STM32CubeIDE_1.16.1/STM32CubeIDE/plugins/com.st.stm32cube.ide.mcu.externaltools.gnu-tools-for-stm32.12.3.rel1.win32_1.0.200.202406191623/tools/bin/../lib/gcc/arm-none-eabi/12.3.1/../../../../arm-none-eabi/lib/thumb/v7e-m+fp/hard\libc_nano.a(libc_a-exit.o) (__stdio_exit_handler)
C:/ST/STM32CubeIDE_1.16.1/STM32CubeIDE/plugins/com.st.stm32cube.ide.mcu.externaltools.gnu-tools-for-stm32.12.3.rel1.win32_1.0.200.202406191623/tools/bin/../lib/gcc/arm-none-eabi/12.3.1/../../../../arm-none-eabi/lib/thumb/v7e-m+fp/hard\libc_nano.a(libc_a-fwalk.o)
                              C:/ST/STM32CubeIDE_1.16.1/STM32CubeIDE/plugins/com.st.stm32cube.ide.mcu.externaltools.gnu-tools-for-stm32.12.3.rel1.win32_1.0.200.202406191623/tools/bin/../lib/gcc/arm-none-eabi/12.3.1/../../../../arm-none-eabi/lib/thumb/v7e-m+fp/hard\libc_nano.a(libc_a-findfp.o) (_fwalk_sglue)
C:/ST/STM32CubeIDE_1.16.1/STM32CubeIDE/plugins/com.st.stm32cube.ide.mcu.externaltools.gnu-tools-for-stm32.12.3.rel1.win32_1.0.200.202406191623/tools/bin/../lib/gcc/arm-none-eabi/12.3.1/../../../../arm-none-eabi/lib/thumb/v7e-m+fp/hard\libc_nano.a(libc_a-sprintf.o)
                              ./Core/optiga/common/optiga_lib_logger.o (sprintf)
C:/ST/STM32CubeIDE_1.16.1/STM32CubeIDE/plugins/com.st.stm32cube.ide.mcu.externaltools.gnu-tools-for-stm32.12.3.rel1.win32_1.0.200.202406191623/tools/bin/../lib/gcc/arm-none-eabi/12.3.1/../../../../arm-none-eabi/lib/thumb/v7e-m+fp/hard\libc_nano.a(libc_a-stdio.o)
                              C:/ST/STM32CubeIDE_1.16.1/STM32CubeIDE/plugins/com.st.stm32cube.ide.mcu.externaltools.gnu-tools-for-stm32.12.3.rel1.win32_1.0.200.202406191623/tools/bin/../lib/gcc/arm-none-eabi/12.3.1/../../../../arm-none-eabi/lib/thumb/v7e-m+fp/hard\libc_nano.a(libc_a-findfp.o) (__sread)
C:/ST/STM32CubeIDE_1.16.1/STM32CubeIDE/plugins/com.st.stm32cube.ide.mcu.externaltools.gnu-tools-for-stm32.12.3.rel1.win32_1.0.200.202406191623/tools/bin/../lib/gcc/arm-none-eabi/12.3.1/../../../../arm-none-eabi/lib/thumb/v7e-m+fp/hard\libc_nano.a(libc_a-memset.o)
                              C:/ST/STM32CubeIDE_1.16.1/STM32CubeIDE/plugins/com.st.stm32cube.ide.mcu.externaltools.gnu-tools-for-stm32.12.3.rel1.win32_1.0.200.202406191623/tools/bin/../lib/gcc/arm-none-eabi/12.3.1/../../../../arm-none-eabi/lib/thumb/v7e-m+fp/hard/crt0.o (memset)
C:/ST/STM32CubeIDE_1.16.1/STM32CubeIDE/plugins/com.st.stm32cube.ide.mcu.externaltools.gnu-tools-for-stm32.12.3.rel1.win32_1.0.200.202406191623/tools/bin/../lib/gcc/arm-none-eabi/12.3.1/../../../../arm-none-eabi/lib/thumb/v7e-m+fp/hard\libc_nano.a(libc_a-strcat.o)
[...]
Memory Configuration

Name             Origin             Length             Attributes
CCMRAM           0x10000000         0x00010000         xrw
RAM              0x20000000         0x00020000         xrw
FLASH            0x08000000         0x00100000         xr
*default*        0x00000000         0xffffffff

Linker script and memory map

LOAD C:/ST/STM32CubeIDE_1.16.1/STM32CubeIDE/plugins/com.st.stm32cube.ide.mcu.externaltools.gnu-tools-for-stm32.12.3.rel1.win32_1.0.200.202406191623/tools/bin/../lib/gcc/arm-none-eabi/12.3.1/thumb/v7e-m+fp/hard/crti.o
LOAD C:/ST/STM32CubeIDE_1.16.1/STM32CubeIDE/plugins/com.st.stm32cube.ide.mcu.externaltools.gnu-tools-for-stm32.12.3.rel1.win32_1.0.200.202406191623/tools/bin/../lib/gcc/arm-none-eabi/12.3.1/thumb/v7e-m+fp/hard/crtbegin.o
LOAD C:/ST/STM32CubeIDE_1.16.1/STM32CubeIDE/plugins/com.st.stm32cube.ide.mcu.externaltools.gnu-tools-for-stm32.12.3.rel1.win32_1.0.200.202406191623/tools/bin/../lib/gcc/arm-none-eabi/12.3.1/../../../../arm-none-eabi/lib/thumb/v7e-m+fp/hard/crt0.o
LOAD ./Core/Src/main.o
LOAD ./Core/Src/stm32f4xx_hal_msp.o
LOAD ./Core/Src/stm32f4xx_it.o
LOAD ./Core/Src/syscalls.o
LOAD ./Core/Src/sysmem.o
LOAD ./Core/Src/system_stm32f4xx.o
LOAD ./Core/Startup/startup_stm32f407zgtx.o
LOAD ./Core/optiga/cmd/optiga_cmd.o
LOAD ./Core/optiga/common/optiga_lib_common.o
LOAD ./Core/optiga/common/optiga_lib_logger.o
LOAD ./Core/optiga/comms/ifx_i2c/ifx_i2c.o
LOAD ./Core/optiga/comms/ifx_i2c/ifx_i2c_config.o
LOAD ./Core/optiga/comms/ifx_i2c/ifx_i2c_data_link_layer.o
LOAD ./Core/optiga/comms/ifx_i2c/ifx_i2c_physical_layer.o
LOAD ./Core/optiga/comms/ifx_i2c/ifx_i2c_presentation_layer.o
LOAD ./Core/optiga/comms/ifx_i2c/ifx_i2c_transport_layer.o
LOAD ./Core/optiga/comms/optiga_comms_ifx_i2c.o
LOAD ./Core/optiga/crypt/optiga_crypt.o
LOAD ./Core/optiga/pal/pal.o
LOAD ./Core/optiga/pal/pal_gpio.o
LOAD ./Core/optiga/pal/pal_i2c.o
LOAD ./Core/optiga/pal/pal_ifx_i2c_config.o
LOAD ./Core/optiga/pal/pal_logger.o
LOAD ./Core/optiga/pal/pal_os_datastore.o
LOAD ./Core/optiga/pal/pal_os_event.o
LOAD ./Core/optiga/pal/pal_os_lock.o
LOAD ./Core/optiga/pal/pal_os_memory.o
LOAD ./Core/optiga/pal/pal_os_timer.o
LOAD ./Core/optiga/util/optiga_util.o
LOAD ./Drivers/STM32F4xx_HAL_Driver/Src/stm32f4xx_hal.o
LOAD ./Drivers/STM32F4xx_HAL_Driver/Src/stm32f4xx_hal_cortex.o
LOAD ./Drivers/STM32F4xx_HAL_Driver/Src/stm32f4xx_hal_dma.o
LOAD ./Drivers/STM32F4xx_HAL_Driver/Src/stm32f4xx_hal_dma_ex.o
LOAD ./Drivers/STM32F4xx_HAL_Driver/Src/stm32f4xx_hal_exti.o
LOAD ./Drivers/STM32F4xx_HAL_Driver/Src/stm32f4xx_hal_flash.o
LOAD ./Drivers/STM32F4xx_HAL_Driver/Src/stm32f4xx_hal_flash_ex.o
LOAD ./Drivers/STM32F4xx_HAL_Driver/Src/stm32f4xx_hal_flash_ramfunc.o
LOAD ./Drivers/STM32F4xx_HAL_Driver/Src/stm32f4xx_hal_gpio.o
LOAD ./Drivers/STM32F4xx_HAL_Driver/Src/stm32f4xx_hal_i2c.o
LOAD ./Drivers/STM32F4xx_HAL_Driver/Src/stm32f4xx_hal_i2c_ex.o
LOAD ./Drivers/STM32F4xx_HAL_Driver/Src/stm32f4xx_hal_pwr.o
LOAD ./Drivers/STM32F4xx_HAL_Driver/Src/stm32f4xx_hal_pwr_ex.o
LOAD ./Drivers/STM32F4xx_HAL_Driver/Src/stm32f4xx_hal_rcc.o
LOAD ./Drivers/STM32F4xx_HAL_Driver/Src/stm32f4xx_hal_rcc_ex.o
LOAD ./Drivers/STM32F4xx_HAL_Driver/Src/stm32f4xx_hal_tim.o
LOAD ./Drivers/STM32F4xx_HAL_Driver/Src/stm32f4xx_hal_tim_ex.o
START GROUP
LOAD C:/ST/STM32CubeIDE_1.16.1/STM32CubeIDE/plugins/com.st.stm32cube.ide.mcu.externaltools.gnu-tools-for-stm32.12.3.rel1.win32_1.0.200.202406191623/tools/bin/../lib/gcc/arm-none-eabi/12.3.1/../../../../arm-none-eabi/lib/thumb/v7e-m+fp/hard\libc_nano.a
LOAD C:/ST/STM32CubeIDE_1.16.1/STM32CubeIDE/plugins/com.st.stm32cube.ide.mcu.externaltools.gnu-tools-for-stm32.12.3.rel1.win32_1.0.200.202406191623/tools/bin/../lib/gcc/arm-none-eabi/12.3.1/../../../../arm-none-eabi/lib/thumb/v7e-m+fp/hard\libm.a
END GROUP
START GROUP
LOAD C:/ST/STM32CubeIDE_1.16.1/STM32CubeIDE/plugins/com.st.stm32cube.ide.mcu.externaltools.gnu-tools-for-stm32.12.3.rel1.win32_1.0.200.202406191623/tools/bin/../lib/gcc/arm-none-eabi/12.3.1/thumb/v7e-m+fp/hard\libgcc.a
LOAD C:/ST/STM32CubeIDE_1.16.1/STM32CubeIDE/plugins/com.st.stm32cube.ide.mcu.externaltools.gnu-tools-for-stm32.12.3.rel1.win32_1.0.200.202406191623/tools/bin/../lib/gcc/arm-none-eabi/12.3.1/../../../../arm-none-eabi/lib/thumb/v7e-m+fp/hard\libc_nano.a
END GROUP
START GROUP
LOAD C:/ST/STM32CubeIDE_1.16.1/STM32CubeIDE/plugins/com.st.stm32cube.ide.mcu.externaltools.gnu-tools-for-stm32.12.3.rel1.win32_1.0.200.202406191623/tools/bin/../lib/gcc/arm-none-eabi/12.3.1/thumb/v7e-m+fp/hard\libgcc.a
LOAD C:/ST/STM32CubeIDE_1.16.1/STM32CubeIDE/plugins/com.st.stm32cube.ide.mcu.externaltools.gnu-tools-for-stm32.12.3.rel1.win32_1.0.200.202406191623/tools/bin/../lib/gcc/arm-none-eabi/12.3.1/../../../../arm-none-eabi/lib/thumb/v7e-m+fp/hard\libc_nano.a
LOAD C:/ST/STM32CubeIDE_1.16.1/STM32CubeIDE/plugins/com.st.stm32cube.ide.mcu.externaltools.gnu-tools-for-stm32.12.3.rel1.win32_1.0.200.202406191623/tools/bin/../lib/gcc/arm-none-eabi/12.3.1/../../../../arm-none-eabi/lib/thumb/v7e-m+fp/hard\libnosys.a
END GROUP
START GROUP
LOAD C:/ST/STM32CubeIDE_1.16.1/STM32CubeIDE/plugins/com.st.stm32cube.ide.mcu.externaltools.gnu-tools-for-stm32.12.3.rel1.win32_1.0.200.202406191623/tools/bin/../lib/gcc/arm-none-eabi/12.3.1/thumb/v7e-m+fp/hard\libgcc.a
LOAD C:/ST/STM32CubeIDE_1.16.1/STM32CubeIDE/plugins/com.st.stm32cube.ide.mcu.externaltools.gnu-tools-for-stm32.12.3.rel1.win32_1.0.200.202406191623/tools/bin/../lib/gcc/arm-none-eabi/12.3.1/../../../../arm-none-eabi/lib/thumb/v7e-m+fp/hard\libc_nano.a
LOAD C:/ST/STM32CubeIDE_1.16.1/STM32CubeIDE/plugins/com.st.stm32cube.ide.mcu.externaltools.gnu-tools-for-stm32.12.3.rel1.win32_1.0.200.202406191623/tools/bin/../lib/gcc/arm-none-eabi/12.3.1/../../../../arm-none-eabi/lib/thumb/v7e-m+fp/hard\libnosys.a
END GROUP
LOAD C:/ST/STM32CubeIDE_1.16.1/STM32CubeIDE/plugins/com.st.stm32cube.ide.mcu.externaltools.gnu-tools-for-stm32.12.3.rel1.win32_1.0.200.202406191623/tools/bin/../lib/gcc/arm-none-eabi/12.3.1/thumb/v7e-m+fp/hard/crtend.o
LOAD C:/ST/STM32CubeIDE_1.16.1/STM32CubeIDE/plugins/com.st.stm32cube.ide.mcu.externaltools.gnu-tools-for-stm32.12.3.rel1.win32_1.0.200.202406191623/tools/bin/../lib/gcc/arm-none-eabi/12.3.1/thumb/v7e-m+fp/hard/crtn.o
                0x20020000                        _estack = (ORIGIN (RAM) + LENGTH (RAM))
                0x00000200                        _Min_Heap_Size = 0x200
                0x00000400                        _Min_Stack_Size = 0x400

.isr_vector     0x08000000      0x188
                0x08000000                        . = ALIGN (0x4)
 *(.isr_vector)
 .isr_vector    0x08000000      0x188 ./Core/Startup/startup_stm32f407zgtx.o
                0x08000000                g_pfnVectors
                0x08000188                        . = ALIGN (0x4)

.text           0x08000188     0x8b70
                0x08000188                        . = ALIGN (0x4)
 *(.text)
 .text          0x08000188       0x40 C:/ST/STM32CubeIDE_1.16.1/STM32CubeIDE/plugins/com.st.stm32cube.ide.mcu.externaltools.gnu-tools-for-stm32.12.3.rel1.win32_1.0.200.202406191623/tools/bin/../lib/gcc/arm-none-eabi/12.3.1/thumb/v7e-m+fp/hard/crtbegin.o
 .text          0x080001c8       0x30 C:/ST/STM32CubeIDE_1.16.1/STM32CubeIDE/plugins/com.st.stm32cube.ide.mcu.externaltools.gnu-tools-for-stm32.12.3.rel1.win32_1.0.200.202406191623/tools/bin/../lib/gcc/arm-none-eabi/12.3.1/thumb/v7e-m+fp/hard\libgcc.a(_aeabi_uldivmod.o)
                0x080001c8                __aeabi_uldivmod
 .text          0x080001f8      0x2bc C:/ST/STM32CubeIDE_1.16.1/STM32CubeIDE/plugins/com.st.stm32cube.ide.mcu.externaltools.gnu-tools-for-stm32.12.3.rel1.win32_1.0.200.202406191623/tools/bin/../lib/gcc/arm-none-eabi/12.3.1/thumb/v7e-m+fp/hard\libgcc.a(_udivmoddi4.o)
                0x080001f8                __udivmoddi4
 .text          0x080004b4        0x4 C:/ST/STM32CubeIDE_1.16.1/STM32CubeIDE/plugins/com.st.stm32cube.ide.mcu.externaltools.gnu-tools-for-stm32.12.3.rel1.win32_1.0.200.202406191623/tools/bin/../lib/gcc/arm-none-eabi/12.3.1/thumb/v7e-m+fp/hard\libgcc.a(_dvmd_tls.o)
                0x080004b4                __aeabi_idiv0
                0x080004b4                __aeabi_ldiv0
 *(.text*)
 .text.optiga_util_callback
                0x080004b8       0x24 ./Core/Src/main.o
 .text.optiga_crypt_callback
                0x080004dc       0x24 ./Core/Src/main.o
 .text.main     0x08000500      0x408 ./Core/Src/main.o
                0x08000500                main
 .text.SystemClock_Config
                0x08000908       0xd4 ./Core/Src/main.o
                0x08000908                SystemClock_Config
 .text.MX_I2C1_Init
                0x080009dc       0x5c ./Core/Src/main.o
 .text.MX_TIM2_Init
                0x08000a38       0x98 ./Core/Src/main.o
                0x08000a38                MX_TIM2_Init
 .text.MX_GPIO_Init
                0x08000ad0      0x118 ./Core/Src/main.o
 .text.Error_Handler
                0x08000be8        0xc ./Core/Src/main.o
                0x08000be8                Error_Handler
 .text.HAL_MspInit
                0x08000bf4       0x50 ./Core/Src/stm32f4xx_hal_msp.o
                0x08000bf4                HAL_MspInit
 .text.HAL_I2C_MspInit
                0x08000c44       0x90 ./Core/Src/stm32f4xx_hal_msp.o
                0x08000c44                HAL_I2C_MspInit
 .text.HAL_TIM_Base_MspInit
                0x08000cd4       0x4c ./Core/Src/stm32f4xx_hal_msp.o
                0x08000cd4                HAL_TIM_Base_MspInit
 .text.NMI_Handler
                0x08000d20        0x8 ./Core/Src/stm32f4xx_it.o
                0x08000d20                NMI_Handler
 .text.HardFault_Handler
                0x08000d28        0x8 ./Core/Src/stm32f4xx_it.o
                0x08000d28                HardFault_Handler
 .text.MemManage_Handler
                0x08000d30        0x8 ./Core/Src/stm32f4xx_it.o
                0x08000d30                MemManage_Handler
 .text.BusFault_Handler
                0x08000d38        0x8 ./Core/Src/stm32f4xx_it.o
                0x08000d38                BusFault_Handler
 .text.UsageFault_Handler
                0x08000d40        0x8 ./Core/Src/stm32f4xx_it.o
                0x08000d40                UsageFault_Handler
 .text.SVC_Handler
                0x08000d48        0xe ./Core/Src/stm32f4xx_it.o
                0x08000d48                SVC_Handler
 .text.DebugMon_Handler
                0x08000d56        0xe ./Core/Src/stm32f4xx_it.o
                0x08000d56                DebugMon_Handler
 .text.PendSV_Handler
                0x08000d64        0xe ./Core/Src/stm32f4xx_it.o
                0x08000d64                PendSV_Handler
 *fill*         0x08000d72        0x2 
 .text.SysTick_Handler
                0x08000d74       0x1c ./Core/Src/stm32f4xx_it.o
                0x08000d74                SysTick_Handler
 .text.TIM2_IRQHandler
                0x08000d90       0x40 ./Core/Src/stm32f4xx_it.o
                0x08000d90                TIM2_IRQHandler
 .text._sbrk    0x08000dd0       0x6c ./Core/Src/sysmem.o
                0x08000dd0                _sbrk
 .text.SystemInit
                0x08000e3c       0x24 ./Core/Src/system_stm32f4xx.o
                0x08000e3c                SystemInit
 .text.Reset_Handler
                0x08000e60       0x50 ./Core/Startup/startup_stm32f407zgtx.o
                0x08000e60                Reset_Handler
 .text.Default_Handler
                0x08000eb0        0x2 ./Core/Startup/startup_stm32f407zgtx.o
                0x08000eb0                RTC_Alarm_IRQHandler
                0x08000eb0                HASH_RNG_IRQHandler
                0x08000eb0                EXTI2_IRQHandler
                0x08000eb0                TIM8_CC_IRQHandler
                0x08000eb0                TIM1_CC_IRQHandler
                0x08000eb0                DMA2_Stream5_IRQHandler
                0x08000eb0                DMA1_Stream5_IRQHandler
                0x08000eb0                PVD_IRQHandler
                0x08000eb0                SDIO_IRQHandler
                0x08000eb0                TAMP_STAMP_IRQHandler
                0x08000eb0                CAN2_RX1_IRQHandler
                0x08000eb0                EXTI3_IRQHandler
                0x08000eb0                TIM8_TRG_COM_TIM14_IRQHandler
                0x08000eb0                TIM1_UP_TIM10_IRQHandler
                0x08000eb0                TIM8_UP_TIM13_IRQHandler
                0x08000eb0                I2C3_ER_IRQHandler
                0x08000eb0                EXTI0_IRQHandler
                0x08000eb0                I2C2_EV_IRQHandler
                0x08000eb0                DMA1_Stream2_IRQHandler
                0x08000eb0                CAN1_RX0_IRQHandler
                0x08000eb0                FPU_IRQHandler
                0x08000eb0                OTG_HS_WKUP_IRQHandler
                0x08000eb0                CAN2_SCE_IRQHandler
                0x08000eb0                DMA2_Stream2_IRQHandler
                0x08000eb0                SPI1_IRQHandler
                0x08000eb0                TIM6_DAC_IRQHandler
                0x08000eb0                TIM1_BRK_TIM9_IRQHandler
                0x08000eb0                DCMI_IRQHandler
                0x08000eb0                CAN2_RX0_IRQHandler
                0x08000eb0                DMA2_Stream3_IRQHandler
                0x08000eb0                USART6_IRQHandler
                0x08000eb0                USART3_IRQHandler
                0x08000eb0                CAN1_RX1_IRQHandler
                0x08000eb0                UART5_IRQHandler
                0x08000eb0                DMA2_Stream0_IRQHandler
                0x08000eb0                TIM4_IRQHandler
                0x08000eb0                I2C1_EV_IRQHandler
                0x08000eb0                DMA1_Stream6_IRQHandler
                0x08000eb0                DMA1_Stream1_IRQHandler
                0x08000eb0                UART4_IRQHandler
                0x08000eb0                TIM3_IRQHandler
                0x08000eb0                RCC_IRQHandler
                0x08000eb0                TIM8_BRK_TIM12_IRQHandler
                0x08000eb0                Default_Handler
                0x08000eb0                EXTI15_10_IRQHandler
                0x08000eb0                ADC_IRQHandler
                0x08000eb0                DMA1_Stream7_IRQHandler
                0x08000eb0                TIM7_IRQHandler
                0x08000eb0                CAN2_TX_IRQHandler
                0x08000eb0                TIM5_IRQHandler
                0x08000eb0                DMA2_Stream7_IRQHandler
                0x08000eb0                I2C3_EV_IRQHandler
                0x08000eb0                EXTI9_5_IRQHandler
                0x08000eb0                RTC_WKUP_IRQHandler
                0x08000eb0                ETH_WKUP_IRQHandler
                0x08000eb0                SPI2_IRQHandler
                0x08000eb0                OTG_HS_EP1_IN_IRQHandler
                0x08000eb0                DMA1_Stream0_IRQHandler
                0x08000eb0                CAN1_TX_IRQHandler
                0x08000eb0                EXTI4_IRQHandler
                0x08000eb0                FSMC_IRQHandler
                0x08000eb0                ETH_IRQHandler
                0x08000eb0                OTG_HS_EP1_OUT_IRQHandler
                0x08000eb0                WWDG_IRQHandler
                0x08000eb0                OTG_FS_WKUP_IRQHandler
                0x08000eb0                TIM1_TRG_COM_TIM11_IRQHandler
                0x08000eb0                OTG_HS_IRQHandler
                0x08000eb0                EXTI1_IRQHandler
                0x08000eb0                USART2_IRQHandler
                0x08000eb0                I2C2_ER_IRQHandler
                0x08000eb0                DMA2_Stream1_IRQHandler
                0x08000eb0                CAN1_SCE_IRQHandler
                0x08000eb0                FLASH_IRQHandler
                0x08000eb0                DMA2_Stream4_IRQHandler
                0x08000eb0                USART1_IRQHandler
                0x08000eb0                OTG_FS_IRQHandler
                0x08000eb0                SPI3_IRQHandler
                0x08000eb0                DMA1_Stream4_IRQHandler
                0x08000eb0                I2C1_ER_IRQHandler
                0x08000eb0                DMA2_Stream6_IRQHandler
                0x08000eb0                DMA1_Stream3_IRQHandler
 .text.optiga_cmd_prepare_apdu_header
                0x08000eb2       0x46 ./Core/optiga/cmd/optiga_cmd.o
 .text.optiga_cmd_prepare_tag_header
                0x08000ef8       0x62 ./Core/optiga/cmd/optiga_cmd.o
 .text.optiga_cmd_event_trigger_execute
                0x08000f5a       0x18 ./Core/optiga/cmd/optiga_cmd.o
 .text.optiga_cmd_execute
                0x08000f72       0x4e ./Core/optiga/cmd/optiga_cmd.o
 .text.optiga_cmd_session_available
                0x08000fc0       0x2a ./Core/optiga/cmd/optiga_cmd.o
 *fill*         0x08000fea        0x2 
 .text.optiga_cmd_session_assign
                0x08000fec       0x64 ./Core/optiga/cmd/optiga_cmd.o
 .text.optiga_cmd_session_free
                0x08001050       0x40 ./Core/optiga/cmd/optiga_cmd.o
 .text.optiga_cmd_queue_get_count_of
                0x08001090       0x82 ./Core/optiga/cmd/optiga_cmd.o
 .text.optiga_cmd_queue_assign_slot
                0x08001112       0x64 ./Core/optiga/cmd/optiga_cmd.o
 *fill*         0x08001176        0x2 
 .text.optiga_cmd_queue_scheduler
                0x08001178      0x22c ./Core/optiga/cmd/optiga_cmd.o
 .text.optiga_cmd_queue_update_slot
                0x080013a4      0x10c ./Core/optiga/cmd/optiga_cmd.o
 .text.optiga_cmd_queue_reset_slot
                0x080014b0       0x9c ./Core/optiga/cmd/optiga_cmd.o
 .text.optiga_cmd_release_strict_lock
                0x0800154c       0x4c ./Core/optiga/cmd/optiga_cmd.o
 .text.optiga_cmd_request_session
                0x08001598       0x1a ./Core/optiga/cmd/optiga_cmd.o
                0x08001598                optiga_cmd_request_session
 .text.optiga_cmd_release_session
                0x080015b2       0x18 ./Core/optiga/cmd/optiga_cmd.o
                0x080015b2                optiga_cmd_release_session
 .text.optiga_cmd_request_lock
                0x080015ca       0x20 ./Core/optiga/cmd/optiga_cmd.o
                0x080015ca                optiga_cmd_request_lock
 .text.optiga_cmd_release_lock
                0x080015ea       0x18 ./Core/optiga/cmd/optiga_cmd.o
                0x080015ea                optiga_cmd_release_lock
 .text.optiga_cmd_restore_context
                0x08001602       0x7c ./Core/optiga/cmd/optiga_cmd.o
 *fill*         0x0800167e        0x2 
 .text.optiga_cmd_execute_comms_open
                0x08001680       0xf8 ./Core/optiga/cmd/optiga_cmd.o
 .text.optiga_cmd_execute_comms_close
                0x08001778       0xc2 ./Core/optiga/cmd/optiga_cmd.o
 *fill*         0x0800183a        0x2 
 .text.optiga_cmd_execute_prepare_command
                0x0800183c      0x1c8 ./Core/optiga/cmd/optiga_cmd.o
 .text.optiga_cmd_execute_get_device_error
                0x08001a04       0x5c ./Core/optiga/cmd/optiga_cmd.o
 .text.optiga_cmd_execute_process_optiga_response
                0x08001a60      0x124 ./Core/optiga/cmd/optiga_cmd.o
 .text.optiga_cmd_execute_process_response
                0x08001b84       0xe0 ./Core/optiga/cmd/optiga_cmd.o
 .text.optiga_cmd_execute_error_handler
                0x08001c64       0x2e ./Core/optiga/cmd/optiga_cmd.o
 *fill*         0x08001c92        0x2 
 .text.optiga_cmd_execute_handler
                0x08001c94       0xa0 ./Core/optiga/cmd/optiga_cmd.o
 .text.optiga_cmd_create
                0x08001d34       0xfc ./Core/optiga/cmd/optiga_cmd.o
                0x08001d34                optiga_cmd_create
 .text.optiga_cmd_get_error_code_handler
                0x08001e30      0x190 ./Core/optiga/cmd/optiga_cmd.o
 .text.optiga_cmd_open_application_handler
                0x08001fc0      0x13c ./Core/optiga/cmd/optiga_cmd.o
 .text.optiga_cmd_open_application
                0x080020fc       0x34 ./Core/optiga/cmd/optiga_cmd.o
                0x080020fc                optiga_cmd_open_application
 .text.optiga_cmd_set_data_object_handler
                0x08002130      0x160 ./Core/optiga/cmd/optiga_cmd.o
 .text.optiga_cmd_set_data_object
                0x08002290       0x34 ./Core/optiga/cmd/optiga_cmd.o
                0x08002290                optiga_cmd_set_data_object
 .text.optiga_cmd_get_random_handler
                0x080022c4      0x15e ./Core/optiga/cmd/optiga_cmd.o
 *fill*         0x08002422        0x2 
 .text.optiga_cmd_get_random
                0x08002424       0x44 ./Core/optiga/cmd/optiga_cmd.o
                0x08002424                optiga_cmd_get_random
 .text.optiga_cmd_calc_sign_handler
                0x08002468      0x176 ./Core/optiga/cmd/optiga_cmd.o
 *fill*         0x080025de        0x2 
 .text.optiga_cmd_calc_sign
                0x080025e0       0x60 ./Core/optiga/cmd/optiga_cmd.o
                0x080025e0                optiga_cmd_calc_sign
 .text.optiga_cmd_verify_sign_handler
                0x08002640      0x1e0 ./Core/optiga/cmd/optiga_cmd.o
 .text.optiga_cmd_verify_sign
                0x08002820       0x34 ./Core/optiga/cmd/optiga_cmd.o
                0x08002820                optiga_cmd_verify_sign
 .text.optiga_cmd_check_private_key_length
                0x08002854       0x54 ./Core/optiga/cmd/optiga_cmd.o
 .text.optiga_cmd_gen_keypair_handler
                0x080028a8      0x252 ./Core/optiga/cmd/optiga_cmd.o
 *fill*         0x08002afa        0x2 
 .text.optiga_cmd_gen_keypair
                0x08002afc       0x64 ./Core/optiga/cmd/optiga_cmd.o
                0x08002afc                optiga_cmd_gen_keypair
 .text.optiga_cmd_encrypt_asym_handler
                0x08002b60      0x24c ./Core/optiga/cmd/optiga_cmd.o
 .text.optiga_cmd_encrypt_asym
                0x08002dac       0x60 ./Core/optiga/cmd/optiga_cmd.o
                0x08002dac                optiga_cmd_encrypt_asym
 .text.optiga_cmd_decrypt_asym_handler
                0x08002e0c      0x1de ./Core/optiga/cmd/optiga_cmd.o
 *fill*         0x08002fea        0x2 
 .text.optiga_cmd_decrypt_asym
                0x08002fec       0x5c ./Core/optiga/cmd/optiga_cmd.o
                0x08002fec                optiga_cmd_decrypt_asym
 .text.optiga_cmd_calc_hash_set_current_hash_sequence
                0x08003048       0x6c ./Core/optiga/cmd/optiga_cmd.o
 .text.optiga_cmd_check_hash_alg_length
                0x080030b4       0x2a ./Core/optiga/cmd/optiga_cmd.o
 .text.optiga_cmd_calc_hash_handler
                0x080030de      0x32a ./Core/optiga/cmd/optiga_cmd.o
 .text.optiga_cmd_calc_hash
                0x08003408       0x40 ./Core/optiga/cmd/optiga_cmd.o
                0x08003408                optiga_cmd_calc_hash
 .text.optiga_common_set_uint16
                0x08003448       0x2e ./Core/optiga/common/optiga_lib_common.o
                0x08003448                optiga_common_set_uint16
 .text.optiga_common_get_uint32
                0x08003476       0x3a ./Core/optiga/common/optiga_lib_common.o
                0x08003476                optiga_common_get_uint32
 .text.optiga_common_get_uint16
                0x080034b0       0x34 ./Core/optiga/common/optiga_lib_common.o
                0x080034b0                optiga_common_get_uint16
 .text.ifx_i2c_open
                0x080034e4       0x72 ./Core/optiga/comms/ifx_i2c/ifx_i2c.o
                0x080034e4                ifx_i2c_open
 .text.ifx_i2c_transceive
                0x08003556       0x7e ./Core/optiga/comms/ifx_i2c/ifx_i2c.o
                0x08003556                ifx_i2c_transceive
 .text.ifx_i2c_close
                0x080035d4       0x66 ./Core/optiga/comms/ifx_i2c/ifx_i2c.o
                0x080035d4                ifx_i2c_close
 .text.ifx_i2c_tl_event_handler
                0x0800363a       0x68 ./Core/optiga/comms/ifx_i2c/ifx_i2c.o
                0x0800363a                ifx_i2c_tl_event_handler
 *fill*         0x080036a2        0x2 
 .text.ifx_i2c_init
                0x080036a4      0x108 ./Core/optiga/comms/ifx_i2c/ifx_i2c.o
 .text.ifx_i2c_dl_init
                0x080037ac       0x78 ./Core/optiga/comms/ifx_i2c/ifx_i2c_data_link_layer.o
                0x080037ac                ifx_i2c_dl_init
 .text.ifx_i2c_dl_send_frame
                0x08003824       0x5c ./Core/optiga/comms/ifx_i2c/ifx_i2c_data_link_layer.o
                0x08003824                ifx_i2c_dl_send_frame
 .text.ifx_i2c_dl_receive_frame
                0x08003880       0x54 ./Core/optiga/comms/ifx_i2c/ifx_i2c_data_link_layer.o
                0x08003880                ifx_i2c_dl_receive_frame
 .text.ifx_i2c_dl_calc_crc_byte
                0x080038d4       0x6e ./Core/optiga/comms/ifx_i2c/ifx_i2c_data_link_layer.o
 .text.ifx_i2c_dl_calc_crc
                0x08003942       0x44 ./Core/optiga/comms/ifx_i2c/ifx_i2c_data_link_layer.o
 .text.ifx_i2c_dl_send_frame_internal
                0x08003986      0x140 ./Core/optiga/comms/ifx_i2c/ifx_i2c_data_link_layer.o
 .text.ifx_i2c_dl_resync
                0x08003ac6       0x42 ./Core/optiga/comms/ifx_i2c/ifx_i2c_data_link_layer.o
 .text.ifx_i2c_dl_resend_frame
                0x08003b08       0xa4 ./Core/optiga/comms/ifx_i2c/ifx_i2c_data_link_layer.o
 .text.ifx_i2c_pl_event_handler
                0x08003bac      0x454 ./Core/optiga/comms/ifx_i2c/ifx_i2c_data_link_layer.o
 .text.ifx_i2c_pl_init
                0x08004000       0x9c ./Core/optiga/comms/ifx_i2c/ifx_i2c_physical_layer.o
                0x08004000                ifx_i2c_pl_init
 .text.ifx_i2c_pl_send_frame
                0x0800409c       0x50 ./Core/optiga/comms/ifx_i2c/ifx_i2c_physical_layer.o
                0x0800409c                ifx_i2c_pl_send_frame
 .text.ifx_i2c_pl_receive_frame
                0x080040ec       0x3c ./Core/optiga/comms/ifx_i2c/ifx_i2c_physical_layer.o
                0x080040ec                ifx_i2c_pl_receive_frame
 .text.ifx_i2c_pl_read_register
                0x08004128       0x60 ./Core/optiga/comms/ifx_i2c/ifx_i2c_physical_layer.o
 .text.ifx_i2c_pl_write_register
                0x08004188       0x6e ./Core/optiga/comms/ifx_i2c/ifx_i2c_physical_layer.o
 .text.ifx_i2c_pl_status_poll_callback
                0x080041f6       0x1a ./Core/optiga/comms/ifx_i2c/ifx_i2c_physical_layer.o
 .text.ifx_i2c_pl_set_bit_rate
                0x08004210       0x8c ./Core/optiga/comms/ifx_i2c/ifx_i2c_physical_layer.o
 .text.ifx_i2c_pl_negotiation_event_handler
                0x0800429c      0x2f4 ./Core/optiga/comms/ifx_i2c/ifx_i2c_physical_layer.o
 .text.ifx_i2c_pl_frame_event_handler
                0x08004590      0x200 ./Core/optiga/comms/ifx_i2c/ifx_i2c_physical_layer.o
 .text.ifx_i2c_pal_poll_callback
                0x08004790       0x5a ./Core/optiga/comms/ifx_i2c/ifx_i2c_physical_layer.o
 .text.ifx_i2c_pl_guard_time_callback
                0x080047ea       0x70 ./Core/optiga/comms/ifx_i2c/ifx_i2c_physical_layer.o
 *fill*         0x0800485a        0x2 
 .text.ifx_i2c_pl_pal_event_handler
                0x0800485c       0x78 ./Core/optiga/comms/ifx_i2c/ifx_i2c_physical_layer.o
 .text.ifx_i2c_pl_soft_reset
                0x080048d4       0xe4 ./Core/optiga/comms/ifx_i2c/ifx_i2c_physical_layer.o
 .text.ifx_i2c_tl_init
                0x080049b8       0x54 ./Core/optiga/comms/ifx_i2c/ifx_i2c_transport_layer.o
                0x080049b8                ifx_i2c_tl_init
 .text.ifx_i2c_tl_transceive
                0x08004a0c       0x94 ./Core/optiga/comms/ifx_i2c/ifx_i2c_transport_layer.o
                0x08004a0c                ifx_i2c_tl_transceive
 .text.ifx_i2c_tl_resend_packets
                0x08004aa0       0x38 ./Core/optiga/comms/ifx_i2c/ifx_i2c_transport_layer.o
 .text.ifx_i2c_tl_calculate_pctr
                0x08004ad8       0x6e ./Core/optiga/comms/ifx_i2c/ifx_i2c_transport_layer.o
 .text.ifx_i2c_tl_send_next_fragment
                0x08004b46       0x7e ./Core/optiga/comms/ifx_i2c/ifx_i2c_transport_layer.o
 .text.ifx_i2c_tl_send_chaining_error
                0x08004bc4       0x2e ./Core/optiga/comms/ifx_i2c/ifx_i2c_transport_layer.o
 *fill*         0x08004bf2        0x2 
 .text.ifx_i2c_tl_check_chaining_error
                0x08004bf4       0x68 ./Core/optiga/comms/ifx_i2c/ifx_i2c_transport_layer.o
 .text.presence_bit_check
                0x08004c5c       0x3c ./Core/optiga/comms/ifx_i2c/ifx_i2c_transport_layer.o
 .text.ifx_i2c_dl_event_handler
                0x08004c98      0x3e8 ./Core/optiga/comms/ifx_i2c/ifx_i2c_transport_layer.o
 .text.optiga_comms_create
                0x08005080       0x4c ./Core/optiga/comms/optiga_comms_ifx_i2c.o
                0x08005080                optiga_comms_create
 .text.optiga_comms_set_callback_context
                0x080050cc       0x1e ./Core/optiga/comms/optiga_comms_ifx_i2c.o
                0x080050cc                optiga_comms_set_callback_context
 *fill*         0x080050ea        0x2 
 .text.optiga_comms_open
                0x080050ec       0x64 ./Core/optiga/comms/optiga_comms_ifx_i2c.o
                0x080050ec                optiga_comms_open
 .text.optiga_comms_transceive
                0x08005150       0x68 ./Core/optiga/comms/optiga_comms_ifx_i2c.o
                0x08005150                optiga_comms_transceive
 .text.optiga_comms_close
                0x080051b8       0x58 ./Core/optiga/comms/optiga_comms_ifx_i2c.o
                0x080051b8                optiga_comms_close
 .text.check_optiga_comms_state
                0x08005210       0x34 ./Core/optiga/comms/optiga_comms_ifx_i2c.o
 .text.ifx_i2c_event_handler
                0x08005244       0x2c ./Core/optiga/comms/optiga_comms_ifx_i2c.o
 .text.optiga_crypt_generic_event_handler
                0x08005270       0x2c ./Core/optiga/crypt/optiga_crypt.o
 .text.optiga_crypt_reset_protection_level
                0x0800529c       0x14 ./Core/optiga/crypt/optiga_crypt.o
 .text.optiga_crypt_generate_keypair
                0x080052b0       0xc4 ./Core/optiga/crypt/optiga_crypt.o
 .text.optiga_crypt_sign
                0x08005374       0xb4 ./Core/optiga/crypt/optiga_crypt.o
 .text.optiga_crypt_verify
                0x08005428       0xce ./Core/optiga/crypt/optiga_crypt.o
 .text.optiga_crypt_rsa_enc_dec
                0x080054f6       0xc8 ./Core/optiga/crypt/optiga_crypt.o
 .text.optiga_crypt_get_random
                0x080055be       0x8e ./Core/optiga/crypt/optiga_crypt.o
 .text.optiga_crypt_hash_generic
                0x0800564c       0xce ./Core/optiga/crypt/optiga_crypt.o
 *fill*         0x0800571a        0x2 
 .text.optiga_crypt_create
                0x0800571c       0x74 ./Core/optiga/crypt/optiga_crypt.o
                0x0800571c                optiga_crypt_create
 .text.optiga_crypt_random
                0x08005790       0x5c ./Core/optiga/crypt/optiga_crypt.o
                0x08005790                optiga_crypt_random
 .text.optiga_crypt_hash
                0x080057ec       0x6a ./Core/optiga/crypt/optiga_crypt.o
                0x080057ec                optiga_crypt_hash
 .text.optiga_crypt_rsa_generate_keypair
                0x08005856       0x3e ./Core/optiga/crypt/optiga_crypt.o
                0x08005856                optiga_crypt_rsa_generate_keypair
 .text.optiga_crypt_rsa_sign
                0x08005894       0x3c ./Core/optiga/crypt/optiga_crypt.o
                0x08005894                optiga_crypt_rsa_sign
 .text.optiga_crypt_rsa_verify
                0x080058d0       0x42 ./Core/optiga/crypt/optiga_crypt.o
                0x080058d0                optiga_crypt_rsa_verify
 .text.optiga_crypt_rsa_encrypt_message
                0x08005912       0x7a ./Core/optiga/crypt/optiga_crypt.o
                0x08005912                optiga_crypt_rsa_encrypt_message
 .text.optiga_crypt_rsa_decrypt_and_export
                0x0800598c       0x78 ./Core/optiga/crypt/optiga_crypt.o
                0x0800598c                optiga_crypt_rsa_decrypt_and_export
 .text.pal_init
                0x08005a04       0x10 ./Core/optiga/pal/pal.o
                0x08005a04                pal_init
 .text.pal_gpio_set_high
                0x08005a14       0x32 ./Core/optiga/pal/pal_gpio.o
                0x08005a14                pal_gpio_set_high
 .text.pal_gpio_set_low
                0x08005a46       0x32 ./Core/optiga/pal/pal_gpio.o
                0x08005a46                pal_gpio_set_low
 .text.pal_i2c_acquire
                0x08005a78       0x38 ./Core/optiga/pal/pal_i2c.o
 .text.pal_i2c_release
                0x08005ab0       0x20 ./Core/optiga/pal/pal_i2c.o
 .text.invoke_upper_layer_callback
                0x08005ad0       0x30 ./Core/optiga/pal/pal_i2c.o
                0x08005ad0                invoke_upper_layer_callback
 .text.pal_i2c_init
                0x08005b00       0x16 ./Core/optiga/pal/pal_i2c.o
                0x08005b00                pal_i2c_init
 .text.pal_i2c_deinit
                0x08005b16       0x16 ./Core/optiga/pal/pal_i2c.o
                0x08005b16                pal_i2c_deinit
 .text.pal_i2c_write
                0x08005b2c       0x8c ./Core/optiga/pal/pal_i2c.o
                0x08005b2c                pal_i2c_write
 .text.pal_i2c_read
                0x08005bb8       0x8c ./Core/optiga/pal/pal_i2c.o
                0x08005bb8                pal_i2c_read
 .text.pal_i2c_set_bitrate
                0x08005c44       0x70 ./Core/optiga/pal/pal_i2c.o
                0x08005c44                pal_i2c_set_bitrate
 .text.pal_os_datastore_write
                0x08005cb4       0xfc ./Core/optiga/pal/pal_os_datastore.o
                0x08005cb4                pal_os_datastore_write
 .text.pal_os_datastore_read
                0x08005db0      0x110 ./Core/optiga/pal/pal_os_datastore.o
                0x08005db0                pal_os_datastore_read
 .text.pal_os_event_start
                0x08005ec0       0x30 ./Core/optiga/pal/pal_os_event.o
                0x08005ec0                pal_os_event_start
 .text.pal_os_event_stop
                0x08005ef0       0x1a ./Core/optiga/pal/pal_os_event.o
                0x08005ef0                pal_os_event_stop
 *fill*         0x08005f0a        0x2 
 .text.pal_os_event_create
                0x08005f0c       0x30 ./Core/optiga/pal/pal_os_event.o
                0x08005f0c                pal_os_event_create
 .text.pal_os_event_trigger_registered_callback
                0x08005f3c       0x34 ./Core/optiga/pal/pal_os_event.o
                0x08005f3c                pal_os_event_trigger_registered_callback
 .text.pal_os_event_register_callback_oneshot
                0x08005f70       0x4c ./Core/optiga/pal/pal_os_event.o
                0x08005f70                pal_os_event_register_callback_oneshot
 .text.pal_os_lock_enter_critical_section
                0x08005fbc        0xe ./Core/optiga/pal/pal_os_lock.o
                0x08005fbc                pal_os_lock_enter_critical_section
 .text.pal_os_lock_exit_critical_section
                0x08005fca        0xe ./Core/optiga/pal/pal_os_lock.o
                0x08005fca                pal_os_lock_exit_critical_section
 .text.pal_os_calloc
                0x08005fd8       0x22 ./Core/optiga/pal/pal_os_memory.o
                0x08005fd8                pal_os_calloc
 .text.pal_os_free
                0x08005ffa       0x16 ./Core/optiga/pal/pal_os_memory.o
                0x08005ffa                pal_os_free
 .text.pal_os_memcpy
                0x08006010       0x1e ./Core/optiga/pal/pal_os_memory.o
                0x08006010                pal_os_memcpy
 .text.pal_os_memset
                0x0800602e       0x20 ./Core/optiga/pal/pal_os_memory.o
                0x0800602e                pal_os_memset
 *fill*         0x0800604e        0x2 
 .text.pal_os_timer_get_time_in_microseconds
                0x08006050       0x1c ./Core/optiga/pal/pal_os_timer.o
                0x08006050                pal_os_timer_get_time_in_microseconds
 .text.pal_os_timer_get_time_in_milliseconds
                0x0800606c       0x18 ./Core/optiga/pal/pal_os_timer.o
                0x0800606c                pal_os_timer_get_time_in_milliseconds
 .text.optiga_util_generic_event_handler
                0x08006084       0x2c ./Core/optiga/util/optiga_util.o
 .text.optiga_util_reset_protection_level
                0x080060b0       0x14 ./Core/optiga/util/optiga_util.o
 .text.optiga_util_create
                0x080060c4       0x74 ./Core/optiga/util/optiga_util.o
                0x080060c4                optiga_util_create
 .text.optiga_util_open_application
                0x08006138       0x6c ./Core/optiga/util/optiga_util.o
                0x08006138                optiga_util_open_application
 .text.optiga_util_write_metadata
                0x080061a4       0xb8 ./Core/optiga/util/optiga_util.o
                0x080061a4                optiga_util_write_metadata
 .text.HAL_Init
                0x0800625c       0x44 ./Drivers/STM32F4xx_HAL_Driver/Src/stm32f4xx_hal.o
                0x0800625c                HAL_Init
 .text.HAL_InitTick
                0x080062a0       0x60 ./Drivers/STM32F4xx_HAL_Driver/Src/stm32f4xx_hal.o
                0x080062a0                HAL_InitTick
 .text.HAL_IncTick
                0x08006300       0x28 ./Drivers/STM32F4xx_HAL_Driver/Src/stm32f4xx_hal.o
                0x08006300                HAL_IncTick
 .text.HAL_GetTick
                0x08006328       0x18 ./Drivers/STM32F4xx_HAL_Driver/Src/stm32f4xx_hal.o
                0x08006328                HAL_GetTick
 .text.__NVIC_SetPriorityGrouping
                0x08006340       0x48 ./Drivers/STM32F4xx_HAL_Driver/Src/stm32f4xx_hal_cortex.o
 .text.__NVIC_GetPriorityGrouping
                0x08006388       0x1c ./Drivers/STM32F4xx_HAL_Driver/Src/stm32f4xx_hal_cortex.o
 .text.__NVIC_EnableIRQ
                0x080063a4       0x3c ./Drivers/STM32F4xx_HAL_Driver/Src/stm32f4xx_hal_cortex.o
 .text.__NVIC_SetPriority
                0x080063e0       0x54 ./Drivers/STM32F4xx_HAL_Driver/Src/stm32f4xx_hal_cortex.o
 .text.NVIC_EncodePriority
                0x08006434       0x66 ./Drivers/STM32F4xx_HAL_Driver/Src/stm32f4xx_hal_cortex.o
 *fill*         0x0800649a        0x2 
 .text.SysTick_Config
                0x0800649c       0x44 ./Drivers/STM32F4xx_HAL_Driver/Src/stm32f4xx_hal_cortex.o
 .text.HAL_NVIC_SetPriorityGrouping
                0x080064e0       0x16 ./Drivers/STM32F4xx_HAL_Driver/Src/stm32f4xx_hal_cortex.o
                0x080064e0                HAL_NVIC_SetPriorityGrouping
 .text.HAL_NVIC_SetPriority
                0x080064f6       0x38 ./Drivers/STM32F4xx_HAL_Driver/Src/stm32f4xx_hal_cortex.o
                0x080064f6                HAL_NVIC_SetPriority
 .text.HAL_NVIC_EnableIRQ
                0x0800652e       0x1c ./Drivers/STM32F4xx_HAL_Driver/Src/stm32f4xx_hal_cortex.o
                0x0800652e                HAL_NVIC_EnableIRQ
 .text.HAL_SYSTICK_Config
                0x0800654a       0x18 ./Drivers/STM32F4xx_HAL_Driver/Src/stm32f4xx_hal_cortex.o
                0x0800654a                HAL_SYSTICK_Config
 *fill*         0x08006562        0x2 
 .text.HAL_GPIO_Init
                0x08006564      0x338 ./Drivers/STM32F4xx_HAL_Driver/Src/stm32f4xx_hal_gpio.o
                0x08006564                HAL_GPIO_Init
 .text.HAL_GPIO_WritePin
                0x0800689c       0x32 ./Drivers/STM32F4xx_HAL_Driver/Src/stm32f4xx_hal_gpio.o
                0x0800689c                HAL_GPIO_WritePin
 .text.HAL_GPIO_TogglePin
                0x080068ce       0x34 ./Drivers/STM32F4xx_HAL_Driver/Src/stm32f4xx_hal_gpio.o
                0x080068ce                HAL_GPIO_TogglePin
 *fill*         0x08006902        0x2 
 .text.HAL_I2C_Init
                0x08006904      0x288 ./Drivers/STM32F4xx_HAL_Driver/Src/stm32f4xx_hal_i2c.o
                0x08006904                HAL_I2C_Init
 .text.HAL_I2C_Master_Transmit
                0x08006b8c      0x1fc ./Drivers/STM32F4xx_HAL_Driver/Src/stm32f4xx_hal_i2c.o
                0x08006b8c                HAL_I2C_Master_Transmit
 .text.HAL_I2C_Master_Receive
                0x08006d88      0x44c ./Drivers/STM32F4xx_HAL_Driver/Src/stm32f4xx_hal_i2c.o
                0x08006d88                HAL_I2C_Master_Receive
 .text.I2C_MasterRequestWrite
                0x080071d4      0x104 ./Drivers/STM32F4xx_HAL_Driver/Src/stm32f4xx_hal_i2c.o
 .text.I2C_MasterRequestRead
                0x080072d8      0x19c ./Drivers/STM32F4xx_HAL_Driver/Src/stm32f4xx_hal_i2c.o
 .text.I2C_WaitOnFlagUntilTimeout
                0x08007474       0xae ./Drivers/STM32F4xx_HAL_Driver/Src/stm32f4xx_hal_i2c.o
 .text.I2C_WaitOnMasterAddressFlagUntilTimeout
                0x08007522       0xfe ./Drivers/STM32F4xx_HAL_Driver/Src/stm32f4xx_hal_i2c.o
 .text.I2C_WaitOnTXEFlagUntilTimeout
                0x08007620       0x82 ./Drivers/STM32F4xx_HAL_Driver/Src/stm32f4xx_hal_i2c.o
 .text.I2C_WaitOnBTFFlagUntilTimeout
                0x080076a2       0x82 ./Drivers/STM32F4xx_HAL_Driver/Src/stm32f4xx_hal_i2c.o
 .text.I2C_WaitOnRXNEFlagUntilTimeout
                0x08007724       0xac ./Drivers/STM32F4xx_HAL_Driver/Src/stm32f4xx_hal_i2c.o
 .text.I2C_IsAcknowledgeFailed
                0x080077d0       0x5e ./Drivers/STM32F4xx_HAL_Driver/Src/stm32f4xx_hal_i2c.o
 *fill*         0x0800782e        0x2 
 .text.HAL_RCC_OscConfig
                0x08007830      0x4f0 ./Drivers/STM32F4xx_HAL_Driver/Src/stm32f4xx_hal_rcc.o
                0x08007830                HAL_RCC_OscConfig
 .text.HAL_RCC_ClockConfig
                0x08007d20      0x1cc ./Drivers/STM32F4xx_HAL_Driver/Src/stm32f4xx_hal_rcc.o
                0x08007d20                HAL_RCC_ClockConfig
 .text.HAL_RCC_GetSysClockFreq
                0x08007eec      0x18c ./Drivers/STM32F4xx_HAL_Driver/Src/stm32f4xx_hal_rcc.o
                0x08007eec                HAL_RCC_GetSysClockFreq
 .text.HAL_RCC_GetHCLKFreq
                0x08008078       0x18 ./Drivers/STM32F4xx_HAL_Driver/Src/stm32f4xx_hal_rcc.o
                0x08008078                HAL_RCC_GetHCLKFreq
 .text.HAL_RCC_GetPCLK1Freq
                0x08008090       0x28 ./Drivers/STM32F4xx_HAL_Driver/Src/stm32f4xx_hal_rcc.o
                0x08008090                HAL_RCC_GetPCLK1Freq
 .text.HAL_TIM_Base_Init
                0x080080b8       0x9e ./Drivers/STM32F4xx_HAL_Driver/Src/stm32f4xx_hal_tim.o
                0x080080b8                HAL_TIM_Base_Init
 *fill*         0x08008156        0x2 
 .text.HAL_TIM_Base_Start_IT
                0x08008158       0xe0 ./Drivers/STM32F4xx_HAL_Driver/Src/stm32f4xx_hal_tim.o
                0x08008158                HAL_TIM_Base_Start_IT
 .text.HAL_TIM_Base_Stop_IT
                0x08008238       0x5e ./Drivers/STM32F4xx_HAL_Driver/Src/stm32f4xx_hal_tim.o
                0x08008238                HAL_TIM_Base_Stop_IT
 .text.HAL_TIM_IRQHandler
                0x08008296      0x210 ./Drivers/STM32F4xx_HAL_Driver/Src/stm32f4xx_hal_tim.o
                0x08008296                HAL_TIM_IRQHandler
 .text.HAL_TIM_ConfigClockSource
                0x080084a6      0x18e ./Drivers/STM32F4xx_HAL_Driver/Src/stm32f4xx_hal_tim.o
                0x080084a6                HAL_TIM_ConfigClockSource
 .text.HAL_TIM_PeriodElapsedCallback
                0x08008634       0x14 ./Drivers/STM32F4xx_HAL_Driver/Src/stm32f4xx_hal_tim.o
                0x08008634                HAL_TIM_PeriodElapsedCallback
 .text.HAL_TIM_OC_DelayElapsedCallback
                0x08008648       0x14 ./Drivers/STM32F4xx_HAL_Driver/Src/stm32f4xx_hal_tim.o
                0x08008648                HAL_TIM_OC_DelayElapsedCallback
 .text.HAL_TIM_IC_CaptureCallback
                0x0800865c       0x14 ./Drivers/STM32F4xx_HAL_Driver/Src/stm32f4xx_hal_tim.o
                0x0800865c                HAL_TIM_IC_CaptureCallback
 .text.HAL_TIM_PWM_PulseFinishedCallback
                0x08008670       0x14 ./Drivers/STM32F4xx_HAL_Driver/Src/stm32f4xx_hal_tim.o
                0x08008670                HAL_TIM_PWM_PulseFinishedCallback
 .text.HAL_TIM_TriggerCallback
                0x08008684       0x14 ./Drivers/STM32F4xx_HAL_Driver/Src/stm32f4xx_hal_tim.o
                0x08008684                HAL_TIM_TriggerCallback
 .text.TIM_Base_SetConfig
                0x08008698      0x140 ./Drivers/STM32F4xx_HAL_Driver/Src/stm32f4xx_hal_tim.o
                0x08008698                TIM_Base_SetConfig
 .text.TIM_TI1_ConfigInputStage
                0x080087d8       0x5e ./Drivers/STM32F4xx_HAL_Driver/Src/stm32f4xx_hal_tim.o
 .text.TIM_TI2_ConfigInputStage
                0x08008836       0x60 ./Drivers/STM32F4xx_HAL_Driver/Src/stm32f4xx_hal_tim.o
 .text.TIM_ITRx_SetConfig
                0x08008896       0x36 ./Drivers/STM32F4xx_HAL_Driver/Src/stm32f4xx_hal_tim.o
 .text.TIM_ETR_SetConfig
                0x080088cc       0x40 ./Drivers/STM32F4xx_HAL_Driver/Src/stm32f4xx_hal_tim.o
                0x080088cc                TIM_ETR_SetConfig
 .text.HAL_TIMEx_MasterConfigSynchronization
                0x0800890c       0xf8 ./Drivers/STM32F4xx_HAL_Driver/Src/stm32f4xx_hal_tim_ex.o
                0x0800890c                HAL_TIMEx_MasterConfigSynchronization
 .text.HAL_TIMEx_CommutCallback
                0x08008a04       0x14 ./Drivers/STM32F4xx_HAL_Driver/Src/stm32f4xx_hal_tim_ex.o
                0x08008a04                HAL_TIMEx_CommutCallback
 .text.HAL_TIMEx_BreakCallback
                0x08008a18       0x14 ./Drivers/STM32F4xx_HAL_Driver/Src/stm32f4xx_hal_tim_ex.o
                0x08008a18                HAL_TIMEx_BreakCallback
 .text.malloc   0x08008a2c       0x10 C:/ST/STM32CubeIDE_1.16.1/STM32CubeIDE/plugins/com.st.stm32cube.ide.mcu.externaltools.gnu-tools-for-stm32.12.3.rel1.win32_1.0.200.202406191623/tools/bin/../lib/gcc/arm-none-eabi/12.3.1/../../../../arm-none-eabi/lib/thumb/v7e-m+fp/hard\libc_nano.a(libc_a-malloc.o)
                0x08008a2c                malloc
 .text.free     0x08008a3c       0x10 C:/ST/STM32CubeIDE_1.16.1/STM32CubeIDE/plugins/com.st.stm32cube.ide.mcu.externaltools.gnu-tools-for-stm32.12.3.rel1.win32_1.0.200.202406191623/tools/bin/../lib/gcc/arm-none-eabi/12.3.1/../../../../arm-none-eabi/lib/thumb/v7e-m+fp/hard\libc_nano.a(libc_a-malloc.o)
                0x08008a3c                free
 .text.sbrk_aligned
                0x08008a4c       0x44 C:/ST/STM32CubeIDE_1.16.1/STM32CubeIDE/plugins/com.st.stm32cube.ide.mcu.externaltools.gnu-tools-for-stm32.12.3.rel1.win32_1.0.200.202406191623/tools/bin/../lib/gcc/arm-none-eabi/12.3.1/../../../../arm-none-eabi/lib/thumb/v7e-m+fp/hard\libc_nano.a(libc_a-mallocr.o)
 .text._malloc_r
                0x08008a90      0x100 C:/ST/STM32CubeIDE_1.16.1/STM32CubeIDE/plugins/com.st.stm32cube.ide.mcu.externaltools.gnu-tools-for-stm32.12.3.rel1.win32_1.0.200.202406191623/tools/bin/../lib/gcc/arm-none-eabi/12.3.1/../../../../arm-none-eabi/lib/thumb/v7e-m+fp/hard\libc_nano.a(libc_a-mallocr.o)
                0x08008a90                _malloc_r
 .text.__malloc_lock
                0x08008b90        0xc C:/ST/STM32CubeIDE_1.16.1/STM32CubeIDE/plugins/com.st.stm32cube.ide.mcu.externaltools.gnu-tools-for-stm32.12.3.rel1.win32_1.0.200.202406191623/tools/bin/../lib/gcc/arm-none-eabi/12.3.1/../../../../arm-none-eabi/lib/thumb/v7e-m+fp/hard\libc_nano.a(libc_a-mlock.o)
                0x08008b90                __malloc_lock
 .text.__malloc_unlock
                0x08008b9c        0xc C:/ST/STM32CubeIDE_1.16.1/STM32CubeIDE/plugins/com.st.stm32cube.ide.mcu.externaltools.gnu-tools-for-stm32.12.3.rel1.win32_1.0.200.202406191623/tools/bin/../lib/gcc/arm-none-eabi/12.3.1/../../../../arm-none-eabi/lib/thumb/v7e-m+fp/hard\libc_nano.a(libc_a-mlock.o)
                0x08008b9c                __malloc_unlock
 .text.memset   0x08008ba8       0x10 C:/ST/STM32CubeIDE_1.16.1/STM32CubeIDE/plugins/com.st.stm32cube.ide.mcu.externaltools.gnu-tools-for-stm32.12.3.rel1.win32_1.0.200.202406191623/tools/bin/../lib/gcc/arm-none-eabi/12.3.1/../../../../arm-none-eabi/lib/thumb/v7e-m+fp/hard\libc_nano.a(libc_a-memset.o)
                0x08008ba8                memset
 .text._sbrk_r  0x08008bb8       0x20 C:/ST/STM32CubeIDE_1.16.1/STM32CubeIDE/plugins/com.st.stm32cube.ide.mcu.externaltools.gnu-tools-for-stm32.12.3.rel1.win32_1.0.200.202406191623/tools/bin/../lib/gcc/arm-none-eabi/12.3.1/../../../../arm-none-eabi/lib/thumb/v7e-m+fp/hard\libc_nano.a(libc_a-sbrkr.o)
                0x08008bb8                _sbrk_r
 .text.__errno  0x08008bd8        0xc C:/ST/STM32CubeIDE_1.16.1/STM32CubeIDE/plugins/com.st.stm32cube.ide.mcu.externaltools.gnu-tools-for-stm32.12.3.rel1.win32_1.0.200.202406191623/tools/bin/../lib/gcc/arm-none-eabi/12.3.1/../../../../arm-none-eabi/lib/thumb/v7e-m+fp/hard\libc_nano.a(libc_a-errno.o)
                0x08008bd8                __errno
 .text.__libc_init_array
                0x08008be4       0x48 C:/ST/STM32CubeIDE_1.16.1/STM32CubeIDE/plugins/com.st.stm32cube.ide.mcu.externaltools.gnu-tools-for-stm32.12.3.rel1.win32_1.0.200.202406191623/tools/bin/../lib/gcc/arm-none-eabi/12.3.1/../../../../arm-none-eabi/lib/thumb/v7e-m+fp/hard\libc_nano.a(libc_a-init.o)
                0x08008be4                __libc_init_array
 .text.__retarget_lock_acquire_recursive
                0x08008c2c        0x2 C:/ST/STM32CubeIDE_1.16.1/STM32CubeIDE/plugins/com.st.stm32cube.ide.mcu.externaltools.gnu-tools-for-stm32.12.3.rel1.win32_1.0.200.202406191623/tools/bin/../lib/gcc/arm-none-eabi/12.3.1/../../../../arm-none-eabi/lib/thumb/v7e-m+fp/hard\libc_nano.a(libc_a-lock.o)
                0x08008c2c                __retarget_lock_acquire_recursive
 .text.__retarget_lock_release_recursive
                0x08008c2e        0x2 C:/ST/STM32CubeIDE_1.16.1/STM32CubeIDE/plugins/com.st.stm32cube.ide.mcu.externaltools.gnu-tools-for-stm32.12.3.rel1.win32_1.0.200.202406191623/tools/bin/../lib/gcc/arm-none-eabi/12.3.1/../../../../arm-none-eabi/lib/thumb/v7e-m+fp/hard\libc_nano.a(libc_a-lock.o)
                0x08008c2e                __retarget_lock_release_recursive
 .text.memcpy   0x08008c30       0x1c C:/ST/STM32CubeIDE_1.16.1/STM32CubeIDE/plugins/com.st.stm32cube.ide.mcu.externaltools.gnu-tools-for-stm32.12.3.rel1.win32_1.0.200.202406191623/tools/bin/../lib/gcc/arm-none-eabi/12.3.1/../../../../arm-none-eabi/lib/thumb/v7e-m+fp/hard\libc_nano.a(libc_a-memcpy-stub.o)
                0x08008c30                memcpy
 .text._free_r  0x08008c4c       0x94 C:/ST/STM32CubeIDE_1.16.1/STM32CubeIDE/plugins/com.st.stm32cube.ide.mcu.externaltools.gnu-tools-for-stm32.12.3.rel1.win32_1.0.200.202406191623/tools/bin/../lib/gcc/arm-none-eabi/12.3.1/../../../../arm-none-eabi/lib/thumb/v7e-m+fp/hard\libc_nano.a(libc_a-freer.o)
                0x08008c4c                _free_r
 *(.glue_7)
 .glue_7        0x08008ce0        0x0 linker stubs
 *(.glue_7t)
 .glue_7t       0x08008ce0        0x0 linker stubs
 *(.eh_frame)
 .eh_frame      0x08008ce0        0x0 C:/ST/STM32CubeIDE_1.16.1/STM32CubeIDE/plugins/com.st.stm32cube.ide.mcu.externaltools.gnu-tools-for-stm32.12.3.rel1.win32_1.0.200.202406191623/tools/bin/../lib/gcc/arm-none-eabi/12.3.1/thumb/v7e-m+fp/hard/crtbegin.o
 *(.init)
 .init          0x08008ce0        0x4 C:/ST/STM32CubeIDE_1.16.1/STM32CubeIDE/plugins/com.st.stm32cube.ide.mcu.externaltools.gnu-tools-for-stm32.12.3.rel1.win32_1.0.200.202406191623/tools/bin/../lib/gcc/arm-none-eabi/12.3.1/thumb/v7e-m+fp/hard/crti.o
                0x08008ce0                _init
 .init          0x08008ce4        0x8 C:/ST/STM32CubeIDE_1.16.1/STM32CubeIDE/plugins/com.st.stm32cube.ide.mcu.externaltools.gnu-tools-for-stm32.12.3.rel1.win32_1.0.200.202406191623/tools/bin/../lib/gcc/arm-none-eabi/12.3.1/thumb/v7e-m+fp/hard/crtn.o
 *(.fini)
 .fini          0x08008cec        0x4 C:/ST/STM32CubeIDE_1.16.1/STM32CubeIDE/plugins/com.st.stm32cube.ide.mcu.externaltools.gnu-tools-for-stm32.12.3.rel1.win32_1.0.200.202406191623/tools/bin/../lib/gcc/arm-none-eabi/12.3.1/thumb/v7e-m+fp/hard/crti.o
                0x08008cec                _fini
 .fini          0x08008cf0        0x8 C:/ST/STM32CubeIDE_1.16.1/STM32CubeIDE/plugins/com.st.stm32cube.ide.mcu.externaltools.gnu-tools-for-stm32.12.3.rel1.win32_1.0.200.202406191623/tools/bin/../lib/gcc/arm-none-eabi/12.3.1/thumb/v7e-m+fp/hard/crtn.o
                0x08008cf8                        . = ALIGN (0x4)
                0x08008cf8                        _etext = .

.vfp11_veneer   0x08008cf8        0x0
 .vfp11_veneer  0x08008cf8        0x0 linker stubs

.v4_bx          0x08008cf8        0x0
 .v4_bx         0x08008cf8        0x0 linker stubs

.iplt           0x08008cf8        0x0
 .iplt          0x08008cf8        0x0 C:/ST/STM32CubeIDE_1.16.1/STM32CubeIDE/plugins/com.st.stm32cube.ide.mcu.externaltools.gnu-tools-for-stm32.12.3.rel1.win32_1.0.200.202406191623/tools/bin/../lib/gcc/arm-none-eabi/12.3.1/thumb/v7e-m+fp/hard/crtbegin.o

.rodata         0x08008cf8       0x40
                0x08008cf8                        . = ALIGN (0x4)
 *(.rodata)
 *(.rodata*)
 .rodata.E0FC_metadata
                0x08008cf8        0x8 ./Core/Src/main.o
                0x08008cf8                E0FC_metadata
 .rodata.AHBPrescTable
                0x08008d00       0x10 ./Core/Src/system_stm32f4xx.o
                0x08008d00                AHBPrescTable
 .rodata.APBPrescTable
                0x08008d10        0x8 ./Core/Src/system_stm32f4xx.o
                0x08008d10                APBPrescTable
 .rodata.g_optiga_unique_application_identifier
                0x08008d18       0x10 ./Core/optiga/cmd/optiga_cmd.o
                0x08008d18                g_optiga_unique_application_identifier
 .rodata.g_pctr_states_table
                0x08008d28       0x10 ./Core/optiga/comms/ifx_i2c/ifx_i2c_transport_layer.o
                0x08008d38                        . = ALIGN (0x4)

.ARM.extab      0x08008d38        0x0
                0x08008d38                        . = ALIGN (0x4)
 *(.ARM.extab* .gnu.linkonce.armextab.*)
                0x08008d38                        . = ALIGN (0x4)

.ARM            0x08008d38        0x8
                0x08008d38                        . = ALIGN (0x4)
                0x08008d38                        __exidx_start = .
 *(.ARM.exidx*)
 .ARM.exidx     0x08008d38        0x8 C:/ST/STM32CubeIDE_1.16.1/STM32CubeIDE/plugins/com.st.stm32cube.ide.mcu.externaltools.gnu-tools-for-stm32.12.3.rel1.win32_1.0.200.202406191623/tools/bin/../lib/gcc/arm-none-eabi/12.3.1/thumb/v7e-m+fp/hard\libgcc.a(_udivmoddi4.o)
                0x08008d40                        __exidx_end = .
                0x08008d40                        . = ALIGN (0x4)

.rel.dyn        0x08008d40        0x0
 .rel.iplt      0x08008d40        0x0 C:/ST/STM32CubeIDE_1.16.1/STM32CubeIDE/plugins/com.st.stm32cube.ide.mcu.externaltools.gnu-tools-for-stm32.12.3.rel1.win32_1.0.200.202406191623/tools/bin/../lib/gcc/arm-none-eabi/12.3.1/thumb/v7e-m+fp/hard/crtbegin.o

.preinit_array  0x08008d40        0x0
                0x08008d40                        . = ALIGN (0x4)
                0x08008d40                        PROVIDE (__preinit_array_start = .)
 *(.preinit_array*)
                0x08008d40                        PROVIDE (__preinit_array_end = .)
                0x08008d40                        . = ALIGN (0x4)

.init_array     0x08008d40        0x4
                0x08008d40                        . = ALIGN (0x4)
                0x08008d40                        PROVIDE (__init_array_start = .)
 *(SORT_BY_NAME(.init_array.*))
 *(.init_array*)
 .init_array    0x08008d40        0x4 C:/ST/STM32CubeIDE_1.16.1/STM32CubeIDE/plugins/com.st.stm32cube.ide.mcu.externaltools.gnu-tools-for-stm32.12.3.rel1.win32_1.0.200.202406191623/tools/bin/../lib/gcc/arm-none-eabi/12.3.1/thumb/v7e-m+fp/hard/crtbegin.o
                0x08008d44                        PROVIDE (__init_array_end = .)
                0x08008d44                        . = ALIGN (0x4)

.fini_array     0x08008d44        0x4
                0x08008d44                        . = ALIGN (0x4)
                [!provide]                        PROVIDE (__fini_array_start = .)
 *(SORT_BY_NAME(.fini_array.*))
 *(.fini_array*)
 .fini_array    0x08008d44        0x4 C:/ST/STM32CubeIDE_1.16.1/STM32CubeIDE/plugins/com.st.stm32cube.ide.mcu.externaltools.gnu-tools-for-stm32.12.3.rel1.win32_1.0.200.202406191623/tools/bin/../lib/gcc/arm-none-eabi/12.3.1/thumb/v7e-m+fp/hard/crtbegin.o
                [!provide]                        PROVIDE (__fini_array_end = .)
                0x08008d48                        . = ALIGN (0x4)
                0x08008d48                        _sidata = LOADADDR (.data)

.data           0x20000000      0x4b4 load address 0x08008d48
                0x20000000                        . = ALIGN (0x4)
                0x20000000                        _sdata = .
 *(.data)
 *(.data*)
 .data.encrypted_message_length
                0x20000000        0x2 ./Core/Src/main.o
                0x20000000                encrypted_message_length
 .data.public_key_length
                0x20000002        0x2 ./Core/Src/main.o
                0x20000002                public_key_length
 .data.SystemCoreClock
                0x20000004        0x4 ./Core/Src/system_stm32f4xx.o
                0x20000004                SystemCoreClock
 .data.g_optiga_list
                0x20000008        0x4 ./Core/optiga/cmd/optiga_cmd.o
 .data.g_hibernate_datastore_id_list
                0x2000000c        0x2 ./Core/optiga/cmd/optiga_cmd.o
 *fill*         0x2000000e        0x2 
 .data.ifx_i2c_context_0
                0x20000010      0x3cc ./Core/optiga/comms/ifx_i2c/ifx_i2c_config.o
                0x20000010                ifx_i2c_context_0
 .data.optiga_comms
                0x200003dc       0x14 ./Core/optiga/comms/optiga_comms_ifx_i2c.o
                0x200003dc                optiga_comms
 .data.optiga_pal_i2c_context_0
                0x200003f0       0x10 ./Core/optiga/pal/pal_ifx_i2c_config.o
                0x200003f0                optiga_pal_i2c_context_0
 .data.vdd_pin  0x20000400        0x8 ./Core/optiga/pal/pal_ifx_i2c_config.o
                0x20000400                vdd_pin
 .data.reset_pin
                0x20000408        0x8 ./Core/optiga/pal/pal_ifx_i2c_config.o
                0x20000408                reset_pin
 .data.optiga_vdd_0
                0x20000410        0x4 ./Core/optiga/pal/pal_ifx_i2c_config.o
                0x20000410                optiga_vdd_0
 .data.optiga_reset_0
                0x20000414        0x4 ./Core/optiga/pal/pal_ifx_i2c_config.o
                0x20000414                optiga_reset_0
 .data.optiga_platform_binding_shared_secret
                0x20000418       0x42 ./Core/optiga/pal/pal_os_datastore.o
                0x20000418                optiga_platform_binding_shared_secret
 *fill*         0x2000045a        0x2 
 .data.uwTickPrio
                0x2000045c        0x4 ./Drivers/STM32F4xx_HAL_Driver/Src/stm32f4xx_hal.o
                0x2000045c                uwTickPrio
 .data.uwTickFreq
                0x20000460        0x1 ./Drivers/STM32F4xx_HAL_Driver/Src/stm32f4xx_hal.o
                0x20000460                uwTickFreq
 *fill*         0x20000461        0x3 
 .data._impure_ptr
                0x20000464        0x4 C:/ST/STM32CubeIDE_1.16.1/STM32CubeIDE/plugins/com.st.stm32cube.ide.mcu.externaltools.gnu-tools-for-stm32.12.3.rel1.win32_1.0.200.202406191623/tools/bin/../lib/gcc/arm-none-eabi/12.3.1/../../../../arm-none-eabi/lib/thumb/v7e-m+fp/hard\libc_nano.a(libc_a-impure.o)
                0x20000464                _impure_ptr
 .data._impure_data
                0x20000468       0x4c C:/ST/STM32CubeIDE_1.16.1/STM32CubeIDE/plugins/com.st.stm32cube.ide.mcu.externaltools.gnu-tools-for-stm32.12.3.rel1.win32_1.0.200.202406191623/tools/bin/../lib/gcc/arm-none-eabi/12.3.1/../../../../arm-none-eabi/lib/thumb/v7e-m+fp/hard\libc_nano.a(libc_a-impure.o)
                0x20000468                _impure_data
 *(.RamFunc)
 *(.RamFunc*)
                0x200004b4                        . = ALIGN (0x4)
                0x200004b4                        _edata = .
                0x080091fc                        _siccmram = LOADADDR (.ccmram)

.igot.plt       0x200004b4        0x0 load address 0x080091fc
 .igot.plt      0x200004b4        0x0 C:/ST/STM32CubeIDE_1.16.1/STM32CubeIDE/plugins/com.st.stm32cube.ide.mcu.externaltools.gnu-tools-for-stm32.12.3.rel1.win32_1.0.200.202406191623/tools/bin/../lib/gcc/arm-none-eabi/12.3.1/thumb/v7e-m+fp/hard/crtbegin.o

.ccmram         0x10000000        0x0 load address 0x080091fc
                0x10000000                        . = ALIGN (0x4)
                0x10000000                        _sccmram = .
 *(.ccmram)
 *(.ccmram*)
                0x10000000                        . = ALIGN (0x4)
                0x10000000                        _eccmram = .
                0x10000000                        . = ALIGN (0x4)

.bss            0x200004b4     0x1e54
                0x200004b4                        _sbss = .
                0x200004b4                        __bss_start__ = _sbss
 *(.bss)
 .bss           0x200004b4       0x1c C:/ST/STM32CubeIDE_1.16.1/STM32CubeIDE/plugins/com.st.stm32cube.ide.mcu.externaltools.gnu-tools-for-stm32.12.3.rel1.win32_1.0.200.202406191623/tools/bin/../lib/gcc/arm-none-eabi/12.3.1/thumb/v7e-m+fp/hard/crtbegin.o
 *(.bss*)
 .bss.hi2c1     0x200004d0       0x54 ./Core/Src/main.o
                0x200004d0                hi2c1
 .bss.htim2     0x20000524       0x48 ./Core/Src/main.o
                0x20000524                htim2
 .bss.me_crypt  0x2000056c        0x4 ./Core/Src/main.o
                0x2000056c                me_crypt
 .bss.return_status
                0x20000570        0x2 ./Core/Src/main.o
                0x20000570                return_status
 *fill*         0x20000572        0x2 
 .bss.me_util   0x20000574        0x4 ./Core/Src/main.o
                0x20000574                me_util
 .bss.optiga_lib_status
                0x20000578        0x2 ./Core/Src/main.o
 .bss.optiga_key_id
                0x2000057a        0x2 ./Core/Src/main.o
                0x2000057a                optiga_key_id
 .bss.optiga_oid
                0x2000057c        0x2 ./Core/Src/main.o
                0x2000057c                optiga_oid
 .bss.encryption_scheme
                0x2000057e        0x1 ./Core/Src/main.o
                0x2000057e                encryption_scheme
 *fill*         0x2000057f        0x1 
 .bss.public_key_from_host
                0x20000580        0x8 ./Core/Src/main.o
                0x20000580                public_key_from_host
 .bss.public_key
                0x20000588       0x96 ./Core/Src/main.o
                0x20000588                public_key
 *fill*         0x2000061e        0x2 
 .bss.L6_data   0x20000620     0x14a0 ./Core/Src/main.o
                0x20000620                L6_data
 .bss.tim2_flag.0
                0x20001ac0        0x4 ./Core/Src/stm32f4xx_it.o
 .bss.__sbrk_heap_end
                0x20001ac4        0x4 ./Core/Src/sysmem.o
 .bss.g_optiga  0x20001ac8      0x67c ./Core/optiga/cmd/optiga_cmd.o
 .bss.g_entry_count
                0x20002144        0x4 ./Core/optiga/pal/pal_i2c.o
 .bss.gp_pal_i2c_current_ctx
                0x20002148        0x4 ./Core/optiga/pal/pal_i2c.o
 .bss.data_store_manage_context_buffer
                0x2000214c       0x44 ./Core/optiga/pal/pal_os_datastore.o
                0x2000214c                data_store_manage_context_buffer
 .bss.data_store_app_context_buffer
                0x20002190        0xa ./Core/optiga/pal/pal_os_datastore.o
                0x20002190                data_store_app_context_buffer
 *fill*         0x2000219a        0x2 
 .bss.pal_os_event_0
                0x2000219c       0x18 ./Core/optiga/pal/pal_os_event.o
 .bss.g_tick_count
                0x200021b4        0x4 ./Core/optiga/pal/pal_os_timer.o
                0x200021b4                g_tick_count
 .bss.count.0   0x200021b8        0x4 ./Core/optiga/pal/pal_os_timer.o
 .bss.uwTick    0x200021bc        0x4 ./Drivers/STM32F4xx_HAL_Driver/Src/stm32f4xx_hal.o
                0x200021bc                uwTick
 .bss.__malloc_sbrk_start
                0x200021c0        0x4 C:/ST/STM32CubeIDE_1.16.1/STM32CubeIDE/plugins/com.st.stm32cube.ide.mcu.externaltools.gnu-tools-for-stm32.12.3.rel1.win32_1.0.200.202406191623/tools/bin/../lib/gcc/arm-none-eabi/12.3.1/../../../../arm-none-eabi/lib/thumb/v7e-m+fp/hard\libc_nano.a(libc_a-mallocr.o)
                0x200021c0                __malloc_sbrk_start
 .bss.__malloc_free_list
                0x200021c4        0x4 C:/ST/STM32CubeIDE_1.16.1/STM32CubeIDE/plugins/com.st.stm32cube.ide.mcu.externaltools.gnu-tools-for-stm32.12.3.rel1.win32_1.0.200.202406191623/tools/bin/../lib/gcc/arm-none-eabi/12.3.1/../../../../arm-none-eabi/lib/thumb/v7e-m+fp/hard\libc_nano.a(libc_a-mallocr.o)
                0x200021c4                __malloc_free_list
 .bss.__sf      0x200021c8      0x138 C:/ST/STM32CubeIDE_1.16.1/STM32CubeIDE/plugins/com.st.stm32cube.ide.mcu.externaltools.gnu-tools-for-stm32.12.3.rel1.win32_1.0.200.202406191623/tools/bin/../lib/gcc/arm-none-eabi/12.3.1/../../../../arm-none-eabi/lib/thumb/v7e-m+fp/hard\libc_nano.a(libc_a-findfp.o)
                0x200021c8                __sf
 .bss.errno     0x20002300        0x4 C:/ST/STM32CubeIDE_1.16.1/STM32CubeIDE/plugins/com.st.stm32cube.ide.mcu.externaltools.gnu-tools-for-stm32.12.3.rel1.win32_1.0.200.202406191623/tools/bin/../lib/gcc/arm-none-eabi/12.3.1/../../../../arm-none-eabi/lib/thumb/v7e-m+fp/hard\libc_nano.a(libc_a-reent.o)
                0x20002300                errno
 .bss.__lock___malloc_recursive_mutex
                0x20002304        0x1 C:/ST/STM32CubeIDE_1.16.1/STM32CubeIDE/plugins/com.st.stm32cube.ide.mcu.externaltools.gnu-tools-for-stm32.12.3.rel1.win32_1.0.200.202406191623/tools/bin/../lib/gcc/arm-none-eabi/12.3.1/../../../../arm-none-eabi/lib/thumb/v7e-m+fp/hard\libc_nano.a(libc_a-lock.o)
                0x20002304                __lock___malloc_recursive_mutex
 *(COMMON)
                0x20002308                        . = ALIGN (0x4)
 *fill*         0x20002305        0x3 
                0x20002308                        _ebss = .
                0x20002308                        __bss_end__ = _ebss

._user_heap_stack
                0x20002308      0x600
                0x20002308                        . = ALIGN (0x8)
                [!provide]                        PROVIDE (end = .)
                0x20002308                        PROVIDE (_end = .)
                0x20002508                        . = (. + _Min_Heap_Size)
 *fill*         0x20002308      0x200 
                0x20002908                        . = (. + _Min_Stack_Size)
 *fill*         0x20002508      0x400 
                0x20002908                        . = ALIGN (0x8)

/DISCARD/
 libc.a(*)
 libm.a(*)
 libgcc.a(*)

.ARM.attributes
                0x00000000       0x30
 *(.ARM.attributes)
 .ARM.attributes
                0x00000000       0x22 C:/ST/STM32CubeIDE_1.16.1/STM32CubeIDE/plugins/com.st.stm32cube.ide.mcu.externaltools.gnu-tools-for-stm32.12.3.rel1.win32_1.0.200.202406191623/tools/bin/../lib/gcc/arm-none-eabi/12.3.1/thumb/v7e-m+fp/hard/crti.o
 .ARM.attributes
                0x00000022       0x34 C:/ST/STM32CubeIDE_1.16.1/STM32CubeIDE/plugins/com.st.stm32cube.ide.mcu.externaltools.gnu-tools-for-stm32.12.3.rel1.win32_1.0.200.202406191623/tools/bin/../lib/gcc/arm-none-eabi/12.3.1/thumb/v7e-m+fp/hard/crtbegin.o
 .ARM.attributes
                0x00000056       0x34 ./Core/Src/main.o
 .ARM.attributes
                0x0000008a       0x34 ./Core/Src/stm32f4xx_hal_msp.o
 .ARM.attributes
                0x000000be       0x34 ./Core/Src/stm32f4xx_it.o
 .ARM.attributes
                0x000000f2       0x34 ./Core/Src/sysmem.o
 .ARM.attributes
                0x00000126       0x34 ./Core/Src/system_stm32f4xx.o
 .ARM.attributes
                0x0000015a       0x21 ./Core/Startup/startup_stm32f407zgtx.o
 .ARM.attributes
                0x0000017b       0x34 ./Core/optiga/cmd/optiga_cmd.o
 .ARM.attributes
                0x000001af       0x34 ./Core/optiga/common/optiga_lib_common.o
 .ARM.attributes
                0x000001e3       0x34 ./Core/optiga/comms/ifx_i2c/ifx_i2c.o
 .ARM.attributes
                0x00000217       0x34 ./Core/optiga/comms/ifx_i2c/ifx_i2c_config.o
 .ARM.attributes
                0x0000024b       0x34 ./Core/optiga/comms/ifx_i2c/ifx_i2c_data_link_layer.o
 .ARM.attributes
                0x0000027f       0x34 ./Core/optiga/comms/ifx_i2c/ifx_i2c_physical_layer.o
 .ARM.attributes
                0x000002b3       0x34 ./Core/optiga/comms/ifx_i2c/ifx_i2c_transport_layer.o
 .ARM.attributes
                0x000002e7       0x34 ./Core/optiga/comms/optiga_comms_ifx_i2c.o
 .ARM.attributes
                0x0000031b       0x34 ./Core/optiga/crypt/optiga_crypt.o
 .ARM.attributes
                0x0000034f       0x34 ./Core/optiga/pal/pal.o
 .ARM.attributes
                0x00000383       0x34 ./Core/optiga/pal/pal_gpio.o
 .ARM.attributes
                0x000003b7       0x34 ./Core/optiga/pal/pal_i2c.o
 .ARM.attributes
                0x000003eb       0x34 ./Core/optiga/pal/pal_ifx_i2c_config.o
 .ARM.attributes
                0x0000041f       0x34 ./Core/optiga/pal/pal_os_datastore.o
 .ARM.attributes
                0x00000453       0x34 ./Core/optiga/pal/pal_os_event.o
 .ARM.attributes
                0x00000487       0x34 ./Core/optiga/pal/pal_os_lock.o
 .ARM.attributes
                0x000004bb       0x34 ./Core/optiga/pal/pal_os_memory.o
 .ARM.attributes
                0x000004ef       0x34 ./Core/optiga/pal/pal_os_timer.o
 .ARM.attributes
                0x00000523       0x34 ./Core/optiga/util/optiga_util.o
 .ARM.attributes
                0x00000557       0x34 ./Drivers/STM32F4xx_HAL_Driver/Src/stm32f4xx_hal.o
 .ARM.attributes
                0x0000058b       0x34 ./Drivers/STM32F4xx_HAL_Driver/Src/stm32f4xx_hal_cortex.o
 .ARM.attributes
                0x000005bf       0x34 ./Drivers/STM32F4xx_HAL_Driver/Src/stm32f4xx_hal_gpio.o
 .ARM.attributes
                0x000005f3       0x34 ./Drivers/STM32F4xx_HAL_Driver/Src/stm32f4xx_hal_i2c.o
 .ARM.attributes
                0x00000627       0x34 ./Drivers/STM32F4xx_HAL_Driver/Src/stm32f4xx_hal_rcc.o
 .ARM.attributes
                0x0000065b       0x34 ./Drivers/STM32F4xx_HAL_Driver/Src/stm32f4xx_hal_tim.o
 .ARM.attributes
                0x0000068f       0x34 ./Drivers/STM32F4xx_HAL_Driver/Src/stm32f4xx_hal_tim_ex.o
 .ARM.attributes
                0x000006c3       0x34 C:/ST/STM32CubeIDE_1.16.1/STM32CubeIDE/plugins/com.st.stm32cube.ide.mcu.externaltools.gnu-tools-for-stm32.12.3.rel1.win32_1.0.200.202406191623/tools/bin/../lib/gcc/arm-none-eabi/12.3.1/../../../../arm-none-eabi/lib/thumb/v7e-m+fp/hard\libc_nano.a(libc_a-malloc.o)
 .ARM.attributes
                0x000006f7       0x34 C:/ST/STM32CubeIDE_1.16.1/STM32CubeIDE/plugins/com.st.stm32cube.ide.mcu.externaltools.gnu-tools-for-stm32.12.3.rel1.win32_1.0.200.202406191623/tools/bin/../lib/gcc/arm-none-eabi/12.3.1/../../../../arm-none-eabi/lib/thumb/v7e-m+fp/hard\libc_nano.a(libc_a-mallocr.o)
 .ARM.attributes
                0x0000072b       0x34 C:/ST/STM32CubeIDE_1.16.1/STM32CubeIDE/plugins/com.st.stm32cube.ide.mcu.externaltools.gnu-tools-for-stm32.12.3.rel1.win32_1.0.200.202406191623/tools/bin/../lib/gcc/arm-none-eabi/12.3.1/../../../../arm-none-eabi/lib/thumb/v7e-m+fp/hard\libc_nano.a(libc_a-mlock.o)
 .ARM.attributes
                0x0000075f       0x34 C:/ST/STM32CubeIDE_1.16.1/STM32CubeIDE/plugins/com.st.stm32cube.ide.mcu.externaltools.gnu-tools-for-stm32.12.3.rel1.win32_1.0.200.202406191623/tools/bin/../lib/gcc/arm-none-eabi/12.3.1/../../../../arm-none-eabi/lib/thumb/v7e-m+fp/hard\libc_nano.a(libc_a-findfp.o)
 .ARM.attributes
                0x00000793       0x34 C:/ST/STM32CubeIDE_1.16.1/STM32CubeIDE/plugins/com.st.stm32cube.ide.mcu.externaltools.gnu-tools-for-stm32.12.3.rel1.win32_1.0.200.202406191623/tools/bin/../lib/gcc/arm-none-eabi/12.3.1/../../../../arm-none-eabi/lib/thumb/v7e-m+fp/hard\libc_nano.a(libc_a-memset.o)
 .ARM.attributes
                0x000007c7       0x34 C:/ST/STM32CubeIDE_1.16.1/STM32CubeIDE/plugins/com.st.stm32cube.ide.mcu.externaltools.gnu-tools-for-stm32.12.3.rel1.win32_1.0.200.202406191623/tools/bin/../lib/gcc/arm-none-eabi/12.3.1/../../../../arm-none-eabi/lib/thumb/v7e-m+fp/hard\libc_nano.a(libc_a-reent.o)
 .ARM.attributes
                0x000007fb       0x34 C:/ST/STM32CubeIDE_1.16.1/STM32CubeIDE/plugins/com.st.stm32cube.ide.mcu.externaltools.gnu-tools-for-stm32.12.3.rel1.win32_1.0.200.202406191623/tools/bin/../lib/gcc/arm-none-eabi/12.3.1/../../../../arm-none-eabi/lib/thumb/v7e-m+fp/hard\libc_nano.a(libc_a-impure.o)
 .ARM.attributes
                0x0000082f       0x34 C:/ST/STM32CubeIDE_1.16.1/STM32CubeIDE/plugins/com.st.stm32cube.ide.mcu.externaltools.gnu-tools-for-stm32.12.3.rel1.win32_1.0.200.202406191623/tools/bin/../lib/gcc/arm-none-eabi/12.3.1/../../../../arm-none-eabi/lib/thumb/v7e-m+fp/hard\libc_nano.a(libc_a-sbrkr.o)
 .ARM.attributes
                0x00000863       0x34 C:/ST/STM32CubeIDE_1.16.1/STM32CubeIDE/plugins/com.st.stm32cube.ide.mcu.externaltools.gnu-tools-for-stm32.12.3.rel1.win32_1.0.200.202406191623/tools/bin/../lib/gcc/arm-none-eabi/12.3.1/../../../../arm-none-eabi/lib/thumb/v7e-m+fp/hard\libc_nano.a(libc_a-errno.o)
 .ARM.attributes
                0x00000897       0x34 C:/ST/STM32CubeIDE_1.16.1/STM32CubeIDE/plugins/com.st.stm32cube.ide.mcu.externaltools.gnu-tools-for-stm32.12.3.rel1.win32_1.0.200.202406191623/tools/bin/../lib/gcc/arm-none-eabi/12.3.1/../../../../arm-none-eabi/lib/thumb/v7e-m+fp/hard\libc_nano.a(libc_a-init.o)
 .ARM.attributes
                0x000008cb       0x34 C:/ST/STM32CubeIDE_1.16.1/STM32CubeIDE/plugins/com.st.stm32cube.ide.mcu.externaltools.gnu-tools-for-stm32.12.3.rel1.win32_1.0.200.202406191623/tools/bin/../lib/gcc/arm-none-eabi/12.3.1/../../../../arm-none-eabi/lib/thumb/v7e-m+fp/hard\libc_nano.a(libc_a-lock.o)
 .ARM.attributes
                0x000008ff       0x34 C:/ST/STM32CubeIDE_1.16.1/STM32CubeIDE/plugins/com.st.stm32cube.ide.mcu.externaltools.gnu-tools-for-stm32.12.3.rel1.win32_1.0.200.202406191623/tools/bin/../lib/gcc/arm-none-eabi/12.3.1/../../../../arm-none-eabi/lib/thumb/v7e-m+fp/hard\libc_nano.a(libc_a-memcpy-stub.o)
 .ARM.attributes
                0x00000933       0x34 C:/ST/STM32CubeIDE_1.16.1/STM32CubeIDE/plugins/com.st.stm32cube.ide.mcu.externaltools.gnu-tools-for-stm32.12.3.rel1.win32_1.0.200.202406191623/tools/bin/../lib/gcc/arm-none-eabi/12.3.1/../../../../arm-none-eabi/lib/thumb/v7e-m+fp/hard\libc_nano.a(libc_a-freer.o)
 .ARM.attributes
                0x00000967       0x22 C:/ST/STM32CubeIDE_1.16.1/STM32CubeIDE/plugins/com.st.stm32cube.ide.mcu.externaltools.gnu-tools-for-stm32.12.3.rel1.win32_1.0.200.202406191623/tools/bin/../lib/gcc/arm-none-eabi/12.3.1/thumb/v7e-m+fp/hard\libgcc.a(_aeabi_uldivmod.o)
 .ARM.attributes
                0x00000989       0x34 C:/ST/STM32CubeIDE_1.16.1/STM32CubeIDE/plugins/com.st.stm32cube.ide.mcu.externaltools.gnu-tools-for-stm32.12.3.rel1.win32_1.0.200.202406191623/tools/bin/../lib/gcc/arm-none-eabi/12.3.1/thumb/v7e-m+fp/hard\libgcc.a(_udivmoddi4.o)
 .ARM.attributes
                0x000009bd       0x22 C:/ST/STM32CubeIDE_1.16.1/STM32CubeIDE/plugins/com.st.stm32cube.ide.mcu.externaltools.gnu-tools-for-stm32.12.3.rel1.win32_1.0.200.202406191623/tools/bin/../lib/gcc/arm-none-eabi/12.3.1/thumb/v7e-m+fp/hard\libgcc.a(_dvmd_tls.o)
 .ARM.attributes
                0x000009df       0x22 C:/ST/STM32CubeIDE_1.16.1/STM32CubeIDE/plugins/com.st.stm32cube.ide.mcu.externaltools.gnu-tools-for-stm32.12.3.rel1.win32_1.0.200.202406191623/tools/bin/../lib/gcc/arm-none-eabi/12.3.1/thumb/v7e-m+fp/hard/crtn.o
OUTPUT(STM32TrustOptigaMv1.elf elf32-littlearm)
LOAD linker stubs
LOAD C:/ST/STM32CubeIDE_1.16.1/STM32CubeIDE/plugins/com.st.stm32cube.ide.mcu.externaltools.gnu-tools-for-stm32.12.3.rel1.win32_1.0.200.202406191623/tools/bin/../lib/gcc/arm-none-eabi/12.3.1/../../../../arm-none-eabi/lib/thumb/v7e-m+fp/hard\libc.a
LOAD C:/ST/STM32CubeIDE_1.16.1/STM32CubeIDE/plugins/com.st.stm32cube.ide.mcu.externaltools.gnu-tools-for-stm32.12.3.rel1.win32_1.0.200.202406191623/tools/bin/../lib/gcc/arm-none-eabi/12.3.1/../../../../arm-none-eabi/lib/thumb/v7e-m+fp/hard\libm.a
LOAD C:/ST/STM32CubeIDE_1.16.1/STM32CubeIDE/plugins/com.st.stm32cube.ide.mcu.externaltools.gnu-tools-for-stm32.12.3.rel1.win32_1.0.200.202406191623/tools/bin/../lib/gcc/arm-none-eabi/12.3.1/thumb/v7e-m+fp/hard\libgcc.a

.debug_info     0x00000000    0x170e2
 .debug_info    0x00000000     0x206b ./Core/Src/main.o
 .debug_info    0x0000206b      0xf75 ./Core/Src/stm32f4xx_hal_msp.o
 .debug_info    0x00002fe0      0x7e4 ./Core/Src/stm32f4xx_it.o
 .debug_info    0x000037c4      0x168 ./Core/Src/sysmem.o
 .debug_info    0x0000392c      0x512 ./Core/Src/system_stm32f4xx.o
 .debug_info    0x00003e3e       0x30 ./Core/Startup/startup_stm32f407zgtx.o
 .debug_info    0x00003e6e     0x235c ./Core/optiga/cmd/optiga_cmd.o
 .debug_info    0x000061ca      0x1b2 ./Core/optiga/common/optiga_lib_common.o
 .debug_info    0x0000637c      0xa68 ./Core/optiga/comms/ifx_i2c/ifx_i2c.o
 .debug_info    0x00006de4      0x6ee ./Core/optiga/comms/ifx_i2c/ifx_i2c_config.o
 .debug_info    0x000074d2      0xaa3 ./Core/optiga/comms/ifx_i2c/ifx_i2c_data_link_layer.o
 .debug_info    0x00007f75      0xc9f ./Core/optiga/comms/ifx_i2c/ifx_i2c_physical_layer.o
 .debug_info    0x00008c14      0xa26 ./Core/optiga/comms/ifx_i2c/ifx_i2c_transport_layer.o
 .debug_info    0x0000963a      0xa7f ./Core/optiga/comms/optiga_comms_ifx_i2c.o
 .debug_info    0x0000a0b9     0x1927 ./Core/optiga/crypt/optiga_crypt.o
 .debug_info    0x0000b9e0       0xd9 ./Core/optiga/pal/pal.o
 .debug_info    0x0000bab9      0x2a5 ./Core/optiga/pal/pal_gpio.o
 .debug_info    0x0000bd5e      0x944 ./Core/optiga/pal/pal_i2c.o
 .debug_info    0x0000c6a2      0x790 ./Core/optiga/pal/pal_ifx_i2c_config.o
 .debug_info    0x0000ce32      0x23d ./Core/optiga/pal/pal_os_datastore.o
 .debug_info    0x0000d06f      0x881 ./Core/optiga/pal/pal_os_event.o
 .debug_info    0x0000d8f0      0x1cc ./Core/optiga/pal/pal_os_lock.o
 .debug_info    0x0000dabc      0x264 ./Core/optiga/pal/pal_os_memory.o
 .debug_info    0x0000dd20      0x197 ./Core/optiga/pal/pal_os_timer.o
 .debug_info    0x0000deb7      0xa52 ./Core/optiga/util/optiga_util.o
 .debug_info    0x0000e909      0x948 ./Drivers/STM32F4xx_HAL_Driver/Src/stm32f4xx_hal.o
 .debug_info    0x0000f251      0xd46 ./Drivers/STM32F4xx_HAL_Driver/Src/stm32f4xx_hal_cortex.o
 .debug_info    0x0000ff97      0x6c3 ./Drivers/STM32F4xx_HAL_Driver/Src/stm32f4xx_hal_gpio.o
 .debug_info    0x0001065a     0x23e1 ./Drivers/STM32F4xx_HAL_Driver/Src/stm32f4xx_hal_i2c.o
 .debug_info    0x00012a3b      0x8b1 ./Drivers/STM32F4xx_HAL_Driver/Src/stm32f4xx_hal_rcc.o
 .debug_info    0x000132ec     0x2948 ./Drivers/STM32F4xx_HAL_Driver/Src/stm32f4xx_hal_tim.o
 .debug_info    0x00015c34     0x14ae ./Drivers/STM32F4xx_HAL_Driver/Src/stm32f4xx_hal_tim_ex.o

.debug_abbrev   0x00000000     0x3b82
 .debug_abbrev  0x00000000      0x363 ./Core/Src/main.o
 .debug_abbrev  0x00000363      0x1d6 ./Core/Src/stm32f4xx_hal_msp.o
 .debug_abbrev  0x00000539      0x1bc ./Core/Src/stm32f4xx_it.o
 .debug_abbrev  0x000006f5       0xbc ./Core/Src/sysmem.o
 .debug_abbrev  0x000007b1      0x11a ./Core/Src/system_stm32f4xx.o
 .debug_abbrev  0x000008cb       0x24 ./Core/Startup/startup_stm32f407zgtx.o
 .debug_abbrev  0x000008ef      0x2dd ./Core/optiga/cmd/optiga_cmd.o
 .debug_abbrev  0x00000bcc       0xc2 ./Core/optiga/common/optiga_lib_common.o
 .debug_abbrev  0x00000c8e      0x253 ./Core/optiga/comms/ifx_i2c/ifx_i2c.o
 .debug_abbrev  0x00000ee1      0x183 ./Core/optiga/comms/ifx_i2c/ifx_i2c_config.o
 .debug_abbrev  0x00001064      0x257 ./Core/optiga/comms/ifx_i2c/ifx_i2c_data_link_layer.o
 .debug_abbrev  0x000012bb      0x269 ./Core/optiga/comms/ifx_i2c/ifx_i2c_physical_layer.o
 .debug_abbrev  0x00001524      0x255 ./Core/optiga/comms/ifx_i2c/ifx_i2c_transport_layer.o
 .debug_abbrev  0x00001779      0x2b0 ./Core/optiga/comms/optiga_comms_ifx_i2c.o
 .debug_abbrev  0x00001a29      0x298 ./Core/optiga/crypt/optiga_crypt.o
 .debug_abbrev  0x00001cc1       0x58 ./Core/optiga/pal/pal.o
 .debug_abbrev  0x00001d19      0x17f ./Core/optiga/pal/pal_gpio.o
 .debug_abbrev  0x00001e98      0x1ff ./Core/optiga/pal/pal_i2c.o
 .debug_abbrev  0x00002097      0x152 ./Core/optiga/pal/pal_ifx_i2c_config.o
 .debug_abbrev  0x000021e9       0xe0 ./Core/optiga/pal/pal_os_datastore.o
 .debug_abbrev  0x000022c9      0x1f6 ./Core/optiga/pal/pal_os_event.o
 .debug_abbrev  0x000024bf       0xf9 ./Core/optiga/pal/pal_os_lock.o
 .debug_abbrev  0x000025b8      0x114 ./Core/optiga/pal/pal_os_memory.o
 .debug_abbrev  0x000026cc       0xca ./Core/optiga/pal/pal_os_timer.o
 .debug_abbrev  0x00002796      0x28e ./Core/optiga/util/optiga_util.o
 .debug_abbrev  0x00002a24      0x213 ./Drivers/STM32F4xx_HAL_Driver/Src/stm32f4xx_hal.o
 .debug_abbrev  0x00002c37      0x327 ./Drivers/STM32F4xx_HAL_Driver/Src/stm32f4xx_hal_cortex.o
 .debug_abbrev  0x00002f5e      0x1d4 ./Drivers/STM32F4xx_HAL_Driver/Src/stm32f4xx_hal_gpio.o
 .debug_abbrev  0x00003132      0x2ad ./Drivers/STM32F4xx_HAL_Driver/Src/stm32f4xx_hal_i2c.o
 .debug_abbrev  0x000033df      0x2b6 ./Drivers/STM32F4xx_HAL_Driver/Src/stm32f4xx_hal_rcc.o
 .debug_abbrev  0x00003695      0x271 ./Drivers/STM32F4xx_HAL_Driver/Src/stm32f4xx_hal_tim.o
 .debug_abbrev  0x00003906      0x27c ./Drivers/STM32F4xx_HAL_Driver/Src/stm32f4xx_hal_tim_ex.o

.debug_aranges  0x00000000     0x1460
 .debug_aranges
                0x00000000       0x58 ./Core/Src/main.o
 .debug_aranges
                0x00000058       0x40 ./Core/Src/stm32f4xx_hal_msp.o
 .debug_aranges
                0x00000098       0x68 ./Core/Src/stm32f4xx_it.o
 .debug_aranges
                0x00000100       0x20 ./Core/Src/sysmem.o
 .debug_aranges
                0x00000120       0x28 ./Core/Src/system_stm32f4xx.o
 .debug_aranges
                0x00000148       0x28 ./Core/Startup/startup_stm32f407zgtx.o
 .debug_aranges
                0x00000170      0x210 ./Core/optiga/cmd/optiga_cmd.o
 .debug_aranges
                0x00000380       0x38 ./Core/optiga/common/optiga_lib_common.o
 .debug_aranges
                0x000003b8       0x50 ./Core/optiga/comms/ifx_i2c/ifx_i2c.o
 .debug_aranges
                0x00000408       0x18 ./Core/optiga/comms/ifx_i2c/ifx_i2c_config.o
 .debug_aranges
                0x00000420       0x60 ./Core/optiga/comms/ifx_i2c/ifx_i2c_data_link_layer.o
 .debug_aranges
                0x00000480       0x90 ./Core/optiga/comms/ifx_i2c/ifx_i2c_physical_layer.o
 .debug_aranges
                0x00000510       0x60 ./Core/optiga/comms/ifx_i2c/ifx_i2c_transport_layer.o
 .debug_aranges
                0x00000570       0x68 ./Core/optiga/comms/optiga_comms_ifx_i2c.o
 .debug_aranges
                0x000005d8      0x100 ./Core/optiga/crypt/optiga_crypt.o
 .debug_aranges
                0x000006d8       0x28 ./Core/optiga/pal/pal.o
 .debug_aranges
                0x00000700       0x38 ./Core/optiga/pal/pal_gpio.o
 .debug_aranges
                0x00000738       0x80 ./Core/optiga/pal/pal_i2c.o
 .debug_aranges
                0x000007b8       0x18 ./Core/optiga/pal/pal_ifx_i2c_config.o
 .debug_aranges
                0x000007d0       0x28 ./Core/optiga/pal/pal_os_datastore.o
 .debug_aranges
                0x000007f8       0x48 ./Core/optiga/pal/pal_os_event.o
 .debug_aranges
                0x00000840       0x48 ./Core/optiga/pal/pal_os_lock.o
 .debug_aranges
                0x00000888       0x40 ./Core/optiga/pal/pal_os_memory.o
 .debug_aranges
                0x000008c8       0x40 ./Core/optiga/pal/pal_os_timer.o
 .debug_aranges
                0x00000908       0x98 ./Core/optiga/util/optiga_util.o
 .debug_aranges
                0x000009a0       0xf0 ./Drivers/STM32F4xx_HAL_Driver/Src/stm32f4xx_hal.o
 .debug_aranges
                0x00000a90      0x118 ./Drivers/STM32F4xx_HAL_Driver/Src/stm32f4xx_hal_cortex.o
 .debug_aranges
                0x00000ba8       0x58 ./Drivers/STM32F4xx_HAL_Driver/Src/stm32f4xx_hal_gpio.o
 .debug_aranges
                0x00000c00      0x2a0 ./Drivers/STM32F4xx_HAL_Driver/Src/stm32f4xx_hal_i2c.o
 .debug_aranges
                0x00000ea0       0x88 ./Drivers/STM32F4xx_HAL_Driver/Src/stm32f4xx_hal_rcc.o
 .debug_aranges
                0x00000f28      0x3d0 ./Drivers/STM32F4xx_HAL_Driver/Src/stm32f4xx_hal_tim.o
 .debug_aranges
                0x000012f8      0x168 ./Drivers/STM32F4xx_HAL_Driver/Src/stm32f4xx_hal_tim_ex.o

.debug_rnglists
                0x00000000      0xf76
 .debug_rnglists
                0x00000000       0x41 ./Core/Src/main.o
 .debug_rnglists
                0x00000041       0x2c ./Core/Src/stm32f4xx_hal_msp.o
 .debug_rnglists
                0x0000006d       0x49 ./Core/Src/stm32f4xx_it.o
 .debug_rnglists
                0x000000b6       0x13 ./Core/Src/sysmem.o
 .debug_rnglists
                0x000000c9       0x1a ./Core/Src/system_stm32f4xx.o
 .debug_rnglists
                0x000000e3       0x19 ./Core/Startup/startup_stm32f407zgtx.o
 .debug_rnglists
                0x000000fc      0x1a3 ./Core/optiga/cmd/optiga_cmd.o
 .debug_rnglists
                0x0000029f       0x25 ./Core/optiga/common/optiga_lib_common.o
 .debug_rnglists
                0x000002c4       0x38 ./Core/optiga/comms/ifx_i2c/ifx_i2c.o
 .debug_rnglists
                0x000002fc       0x46 ./Core/optiga/comms/ifx_i2c/ifx_i2c_data_link_layer.o
 .debug_rnglists
                0x00000342       0x6d ./Core/optiga/comms/ifx_i2c/ifx_i2c_physical_layer.o
 .debug_rnglists
                0x000003af       0x45 ./Core/optiga/comms/ifx_i2c/ifx_i2c_transport_layer.o
 .debug_rnglists
                0x000003f4       0x49 ./Core/optiga/comms/optiga_comms_ifx_i2c.o
 .debug_rnglists
                0x0000043d       0xc3 ./Core/optiga/crypt/optiga_crypt.o
 .debug_rnglists
                0x00000500       0x19 ./Core/optiga/pal/pal.o
 .debug_rnglists
                0x00000519       0x25 ./Core/optiga/pal/pal_gpio.o
 .debug_rnglists
                0x0000053e       0x5d ./Core/optiga/pal/pal_i2c.o
 .debug_rnglists
                0x0000059b       0x1b ./Core/optiga/pal/pal_os_datastore.o
 .debug_rnglists
                0x000005b6       0x31 ./Core/optiga/pal/pal_os_event.o
 .debug_rnglists
                0x000005e7       0x31 ./Core/optiga/pal/pal_os_lock.o
 .debug_rnglists
                0x00000618       0x2b ./Core/optiga/pal/pal_os_memory.o
 .debug_rnglists
                0x00000643       0x2b ./Core/optiga/pal/pal_os_timer.o
 .debug_rnglists
                0x0000066e       0x72 ./Core/optiga/util/optiga_util.o
 .debug_rnglists
                0x000006e0       0xaf ./Drivers/STM32F4xx_HAL_Driver/Src/stm32f4xx_hal.o
 .debug_rnglists
                0x0000078f       0xce ./Drivers/STM32F4xx_HAL_Driver/Src/stm32f4xx_hal_cortex.o
 .debug_rnglists
                0x0000085d       0x3f ./Drivers/STM32F4xx_HAL_Driver/Src/stm32f4xx_hal_gpio.o
 .debug_rnglists
                0x0000089c      0x235 ./Drivers/STM32F4xx_HAL_Driver/Src/stm32f4xx_hal_i2c.o
 .debug_rnglists
                0x00000ad1       0x66 ./Drivers/STM32F4xx_HAL_Driver/Src/stm32f4xx_hal_rcc.o
 .debug_rnglists
                0x00000b37      0x31a ./Drivers/STM32F4xx_HAL_Driver/Src/stm32f4xx_hal_tim.o
 .debug_rnglists
                0x00000e51      0x125 ./Drivers/STM32F4xx_HAL_Driver/Src/stm32f4xx_hal_tim_ex.o

.debug_macro    0x00000000    0x255df
 .debug_macro   0x00000000      0x3a5 ./Core/Src/main.o
 .debug_macro   0x000003a5      0xab4 ./Core/Src/main.o
 .debug_macro   0x00000e59      0x29b ./Core/Src/main.o
 .debug_macro   0x000010f4       0x2e ./Core/Src/main.o
 .debug_macro   0x00001122       0x2f ./Core/Src/main.o
 .debug_macro   0x00001151       0x22 ./Core/Src/main.o
 .debug_macro   0x00001173       0x8e ./Core/Src/main.o
 .debug_macro   0x00001201       0x51 ./Core/Src/main.o
 .debug_macro   0x00001252      0x103 ./Core/Src/main.o
 .debug_macro   0x00001355       0x6a ./Core/Src/main.o
 .debug_macro   0x000013bf      0x1df ./Core/Src/main.o
 .debug_macro   0x0000159e       0x1c ./Core/Src/main.o
 .debug_macro   0x000015ba       0x22 ./Core/Src/main.o
 .debug_macro   0x000015dc       0xd9 ./Core/Src/main.o
 .debug_macro   0x000016b5     0x102d ./Core/Src/main.o
 .debug_macro   0x000026e2      0x11f ./Core/Src/main.o
 .debug_macro   0x00002801    0x15e82 ./Core/Src/main.o
 .debug_macro   0x00018683       0x6d ./Core/Src/main.o
 .debug_macro   0x000186f0     0x367e ./Core/Src/main.o
 .debug_macro   0x0001bd6e      0x189 ./Core/Src/main.o
 .debug_macro   0x0001bef7       0x5c ./Core/Src/main.o
 .debug_macro   0x0001bf53      0x96b ./Core/Src/main.o
 .debug_macro   0x0001c8be      0x9fe ./Core/Src/main.o
 .debug_macro   0x0001d2bc      0x115 ./Core/Src/main.o
 .debug_macro   0x0001d3d1      0x13e ./Core/Src/main.o
 .debug_macro   0x0001d50f       0xa5 ./Core/Src/main.o
 .debug_macro   0x0001d5b4      0x174 ./Core/Src/main.o
 .debug_macro   0x0001d728      0x287 ./Core/Src/main.o
 .debug_macro   0x0001d9af       0x5f ./Core/Src/main.o
 .debug_macro   0x0001da0e      0x236 ./Core/Src/main.o
 .debug_macro   0x0001dc44      0x12c ./Core/Src/main.o
 .debug_macro   0x0001dd70      0x21e ./Core/Src/main.o
 .debug_macro   0x0001df8e       0x2e ./Core/Src/main.o
 .debug_macro   0x0001dfbc      0x1b5 ./Core/Src/main.o
 .debug_macro   0x0001e171       0xd6 ./Core/Src/main.o
 .debug_macro   0x0001e247      0x11a ./Core/Src/main.o
 .debug_macro   0x0001e361       0x7e ./Core/Src/main.o
 .debug_macro   0x0001e3df       0x89 ./Core/Src/main.o
 .debug_macro   0x0001e468      0x8e6 ./Core/Src/main.o
 .debug_macro   0x0001ed4e       0x47 ./Core/Src/main.o
 .debug_macro   0x0001ed95      0x12d ./Core/Src/main.o
 .debug_macro   0x0001eec2       0x28 ./Core/Src/main.o
 .debug_macro   0x0001eeea       0x10 ./Core/Src/main.o
 .debug_macro   0x0001eefa       0x7c ./Core/Src/main.o
 .debug_macro   0x0001ef76       0x61 ./Core/Src/main.o
 .debug_macro   0x0001efd7       0x2a ./Core/Src/main.o
 .debug_macro   0x0001f001       0x43 ./Core/Src/main.o
 .debug_macro   0x0001f044       0x34 ./Core/Src/main.o
 .debug_macro   0x0001f078       0x16 ./Core/Src/main.o
 .debug_macro   0x0001f08e       0x35 ./Core/Src/main.o
 .debug_macro   0x0001f0c3      0x369 ./Core/Src/main.o
 .debug_macro   0x0001f42c       0x10 ./Core/Src/main.o
 .debug_macro   0x0001f43c       0x16 ./Core/Src/main.o
 .debug_macro   0x0001f452       0x43 ./Core/Src/main.o
 .debug_macro   0x0001f495       0x34 ./Core/Src/main.o
 .debug_macro   0x0001f4c9       0x10 ./Core/Src/main.o
 .debug_macro   0x0001f4d9       0x58 ./Core/Src/main.o
 .debug_macro   0x0001f531       0x8e ./Core/Src/main.o
 .debug_macro   0x0001f5bf       0x1c ./Core/Src/main.o
 .debug_macro   0x0001f5db      0x177 ./Core/Src/main.o
 .debug_macro   0x0001f752       0x16 ./Core/Src/main.o
 .debug_macro   0x0001f768       0x16 ./Core/Src/main.o
 .debug_macro   0x0001f77e      0x146 ./Core/Src/main.o
 .debug_macro   0x0001f8c4       0x16 ./Core/Src/main.o
 .debug_macro   0x0001f8da       0x16 ./Core/Src/main.o
 .debug_macro   0x0001f8f0       0x29 ./Core/Src/main.o
 .debug_macro   0x0001f919       0x16 ./Core/Src/main.o
 .debug_macro   0x0001f92f       0x20 ./Core/Src/main.o
 .debug_macro   0x0001f94f       0x22 ./Core/Src/main.o
 .debug_macro   0x0001f971       0xba ./Core/Src/main.o
 .debug_macro   0x0001fa2b       0x46 ./Core/Src/main.o
 .debug_macro   0x0001fa71       0x24 ./Core/Src/main.o
 .debug_macro   0x0001fa95       0x22 ./Core/Src/main.o
 .debug_macro   0x0001fab7       0x18 ./Core/Src/main.o
 .debug_macro   0x0001facf      0x1ed ./Core/Src/stm32f4xx_hal_msp.o
 .debug_macro   0x0001fcbc      0x1f7 ./Core/Src/stm32f4xx_it.o
 .debug_macro   0x0001feb3       0xff ./Core/Src/sysmem.o
 .debug_macro   0x0001ffb2      0x23c ./Core/Src/sysmem.o
 .debug_macro   0x000201ee      0x1de ./Core/Src/system_stm32f4xx.o
 .debug_macro   0x000203cc      0x77e ./Core/optiga/cmd/optiga_cmd.o
 .debug_macro   0x00020b4a       0x9e ./Core/optiga/cmd/optiga_cmd.o
 .debug_macro   0x00020be8      0x10b ./Core/optiga/cmd/optiga_cmd.o
 .debug_macro   0x00020cf3       0x7c ./Core/optiga/cmd/optiga_cmd.o
 .debug_macro   0x00020d6f       0xb4 ./Core/optiga/cmd/optiga_cmd.o
 .debug_macro   0x00020e23       0x16 ./Core/optiga/cmd/optiga_cmd.o
 .debug_macro   0x00020e39       0x1c ./Core/optiga/cmd/optiga_cmd.o
 .debug_macro   0x00020e55       0x56 ./Core/optiga/cmd/optiga_cmd.o
 .debug_macro   0x00020eab       0x28 ./Core/optiga/cmd/optiga_cmd.o
 .debug_macro   0x00020ed3      0x1d7 ./Core/optiga/common/optiga_lib_common.o
 .debug_macro   0x000210aa      0x3d8 ./Core/optiga/comms/ifx_i2c/ifx_i2c.o
 .debug_macro   0x00021482       0x16 ./Core/optiga/comms/ifx_i2c/ifx_i2c.o
 .debug_macro   0x00021498      0x132 ./Core/optiga/comms/ifx_i2c/ifx_i2c.o
 .debug_macro   0x000215ca      0x3a2 ./Core/optiga/comms/ifx_i2c/ifx_i2c_config.o
 .debug_macro   0x0002196c       0x1c ./Core/optiga/comms/ifx_i2c/ifx_i2c_config.o
 .debug_macro   0x00021988      0x470 ./Core/optiga/comms/ifx_i2c/ifx_i2c_data_link_layer.o
 .debug_macro   0x00021df8       0x16 ./Core/optiga/comms/ifx_i2c/ifx_i2c_data_link_layer.o
 .debug_macro   0x00021e0e      0x526 ./Core/optiga/comms/ifx_i2c/ifx_i2c_physical_layer.o
 .debug_macro   0x00022334      0x417 ./Core/optiga/comms/ifx_i2c/ifx_i2c_transport_layer.o
 .debug_macro   0x0002274b       0x1c ./Core/optiga/comms/ifx_i2c/ifx_i2c_transport_layer.o
 .debug_macro   0x00022767      0x3d3 ./Core/optiga/comms/optiga_comms_ifx_i2c.o
 .debug_macro   0x00022b3a       0x10 ./Core/optiga/comms/optiga_comms_ifx_i2c.o
 .debug_macro   0x00022b4a      0x245 ./Core/optiga/crypt/optiga_crypt.o
 .debug_macro   0x00022d8f       0x12 ./Core/optiga/crypt/optiga_crypt.o
 .debug_macro   0x00022da1      0x1bc ./Core/optiga/pal/pal.o
 .debug_macro   0x00022f5d      0x342 ./Core/optiga/pal/pal_gpio.o
 .debug_macro   0x0002329f      0x347 ./Core/optiga/pal/pal_i2c.o
 .debug_macro   0x000235e6      0x39b ./Core/optiga/pal/pal_ifx_i2c_config.o
 .debug_macro   0x00023981       0x2e ./Core/optiga/pal/pal_ifx_i2c_config.o
 .debug_macro   0x000239af      0x1d7 ./Core/optiga/pal/pal_os_datastore.o
 .debug_macro   0x00023b86      0x33c ./Core/optiga/pal/pal_os_event.o
 .debug_macro   0x00023ec2      0x1c6 ./Core/optiga/pal/pal_os_lock.o
 .debug_macro   0x00024088      0x1ba ./Core/optiga/pal/pal_os_memory.o
 .debug_macro   0x00024242      0x11c ./Core/optiga/pal/pal_os_memory.o
 .debug_macro   0x0002435e       0x94 ./Core/optiga/pal/pal_os_memory.o
 .debug_macro   0x000243f2       0x1c ./Core/optiga/pal/pal_os_memory.o
 .debug_macro   0x0002440e      0x1c6 ./Core/optiga/pal/pal_os_timer.o
 .debug_macro   0x000245d4      0x227 ./Core/optiga/util/optiga_util.o
 .debug_macro   0x000247fb      0x23e ./Drivers/STM32F4xx_HAL_Driver/Src/stm32f4xx_hal.o
 .debug_macro   0x00024a39      0x1de ./Drivers/STM32F4xx_HAL_Driver/Src/stm32f4xx_hal_cortex.o